 DspLogParser

 Timestamp is 5c3d8fd8 (Tue Jan 15 15:46:32 2019)

 Preferred load address is 10000000

 Start         Length     Name                   Class
 0001:00000000 0002a4b8H .text                   CODE
 0001:0002a4c0 00001315H .text$x                 CODE
 0001:0002b7e0 00000357H .text$yc                CODE
 0001:0002bb40 00000153H .text$yd                CODE
 0002:00000000 00000438H .idata$5                DATA
 0002:00000438 00000004H .CRT$XCA                DATA
 0002:0000043c 0000000cH .CRT$XCC                DATA
 0002:00000448 00000008H .CRT$XCL                DATA
 0002:00000450 0000004cH .CRT$XCU                DATA
 0002:0000049c 00000004H .CRT$XCZ                DATA
 0002:000004a0 00000004H .CRT$XIA                DATA
 0002:000004a4 00000010H .CRT$XIC                DATA
 0002:000004b4 00000004H .CRT$XIZ                DATA
 0002:000004b8 00000004H .CRT$XPA                DATA
 0002:000004bc 00000004H .CRT$XPX                DATA
 0002:000004c0 00000004H .CRT$XPXA               DATA
 0002:000004c4 00000004H .CRT$XPZ                DATA
 0002:000004c8 00000004H .CRT$XTA                DATA
 0002:000004cc 00000004H .CRT$XTZ                DATA
 0002:000004d0 00004c38H .rdata                  DATA
 0002:00005108 0000004fH .rdata$debug            DATA
 0002:00005158 0000143cH .rdata$r                DATA
 0002:000065a0 00000178H .rdata$sxdata           DATA
 0002:00006718 00000004H .rtc$IAA                DATA
 0002:0000671c 00000004H .rtc$IZZ                DATA
 0002:00006720 00000004H .rtc$TAA                DATA
 0002:00006724 00000004H .rtc$TZZ                DATA
 0002:00006728 00002264H .xdata$x                DATA
 0002:0000898c 00000000H ATL$__a                 DATA
 0002:0000898c 00000000H ATL$__z                 DATA
 0002:0000898c 00000020H .didat$2                DATA
 0002:000089ac 00000020H .didat$3                DATA
 0002:000089cc 0000000cH .didat$4                DATA
 0002:000089d8 00000030H .didat$6                DATA
 0002:00008a08 0000000cH .didat$7                DATA
 0002:00008a14 000000a0H .idata$2                DATA
 0002:00008ab4 00000014H .idata$3                DATA
 0002:00008ac8 00000438H .idata$4                DATA
 0002:00008f00 000011d6H .idata$6                DATA
 0002:0000a0e0 00000076H .edata                  DATA
 0003:00000000 000020a6H .data                   DATA
 0003:000020a8 0000000cH .didat$5                DATA
 0003:000020c0 00003d44H .bss                    DATA
 0004:00000000 000009d0H .rsrc$01                DATA
 0004:000009d0 000030f0H .rsrc$02                DATA

  Address         Publics by Value              Rva+Base       Lib:Object

 0000:00000000       __except_list              00000000     <absolute>
 0000:0000005e       ___safe_se_handler_count   0000005e     <absolute>
 0000:00000000       ___ImageBase               10000000     <linker-defined>
 0001:00000000       ??_EILuaParser@@UAEPAXI@Z  10001000 f i  CIL library: CIL module
 0001:00000000       ??_GILuaParser@@UAEPAXI@Z  10001000 f i DspLogParseImp.obj
 0001:00000020       ??1IDspLogDecode@@UAE@XZ   10001020 f i DspLogParseImp.obj
 0001:00000030       ??1bad_alloc@std@@UAE@XZ   10001030 f i DspLogParseImp.obj
 0001:00000040       ??_Gbad_alloc@std@@UAEPAXI@Z 10001040 f i DspLogParseImp.obj
 0001:00000040       ??_Ebad_alloc@std@@UAEPAXI@Z 10001040 f i  CIL library: CIL module
 0001:00000070       ??0logic_error@std@@QAE@ABV?$basic_string@DU?$char_traits@D@std@@V?$allocator@D@2@@1@@Z 10001070 f i DspLogParseImp.obj
 0001:000000e0       ?what@logic_error@std@@UBEPBDXZ 100010e0 f i DspLogParseImp.obj
 0001:000000f0       ??_Elength_error@std@@UAEPAXI@Z 100010f0 f i  CIL library: CIL module
 0001:000000f0       ??_Glogic_error@std@@UAEPAXI@Z 100010f0 f i DspLogParseImp.obj
 0001:000000f0       ??_Gout_of_range@std@@UAEPAXI@Z 100010f0 f i BaseLuaParse.obj
 0001:000000f0       ??_Elogic_error@std@@UAEPAXI@Z 100010f0 f i  CIL library: CIL module
 0001:000000f0       ??_Eout_of_range@std@@UAEPAXI@Z 100010f0 f i  CIL library: CIL module
 0001:000000f0       ??_Glength_error@std@@UAEPAXI@Z 100010f0 f i DspLogParseImp.obj
 0001:00000140       ??0length_error@std@@QAE@ABV?$basic_string@DU?$char_traits@D@std@@V?$allocator@D@2@@1@@Z 10001140 f i DspLogParseImp.obj
 0001:00000160       ??1length_error@std@@UAE@XZ 10001160 f i DspLogParseImp.obj
 0001:00000160       ??1out_of_range@std@@UAE@XZ 10001160 f i BaseLuaParse.obj
 0001:000001a0       ??0logic_error@std@@QAE@ABV01@@Z 100011a0 f i DspLogParseImp.obj
 0001:00000220       ??0CDspLogParseImp@@QAE@XZ 10001220 f   DspLogParseImp.obj
 0001:000002d0       ??_ECDspLogParseImp@@UAEPAXI@Z 100012d0 f i  CIL library: CIL module
 0001:000002d0       ??_GCDspLogParseImp@@UAEPAXI@Z 100012d0 f i DspLogParseImp.obj
 0001:000002f0       ??1CDspLogParseImp@@UAE@XZ 100012f0 f   DspLogParseImp.obj
 0001:00000380       ?SetFilterFlag@CDspLogParseImp@@UAEXH@Z 10001380 f   DspLogParseImp.obj
 0001:00000390       ?LoadSettings@CDspLogParseImp@@AAEXXZ 10001390 f   DspLogParseImp.obj
 0001:000004b0       ?SetFilterInfo@CDspLogParseImp@@AAEXPBD@Z 100014b0 f   DspLogParseImp.obj
 0001:000008c0       ?IsValidAddress@CDspLogParseImp@@AAEHG@Z 100018c0 f   DspLogParseImp.obj
 0001:00000940       ?ProcessFrameData@CDspLogParseImp@@AAEHPAEKGPAU_LOG2TP_INFO_T_@@H@Z 10001940 f   DspLogParseImp.obj
 0001:00000b10       ?DecodeTpLog@CDspLogParseImp@@UAEHPBEKPAU_LOG2TP_INFO_T_@@H@Z 10001b10 f   DspLogParseImp.obj
 0001:00000cc0       ?LoadLuaScript@CDspLogParseImp@@UAEHPBD@Z 10001cc0 f   DspLogParseImp.obj
 0001:00000cd0       ?GetAddrData@CDspLogParseImp@@UAENHPAU_TP_INFO_@@HPAD@Z 10001cd0 f   DspLogParseImp.obj
 0001:00000cf0       ?GetDescription@CDspLogParseImp@@UAEPADHPADHPAU_TP_INFO_@@H0@Z 10001cf0 f   DspLogParseImp.obj
 0001:00000d20       ?GetParaAddr@CDspLogParseImp@@UAEPADHPBDPADH@Z 10001d20 f   DspLogParseImp.obj
 0001:00000d40       ?GetParaAddr@CDspLogParseImp@@UAEHHPBDAAU_TP_PARAMETER_T_@@@Z 10001d40 f   DspLogParseImp.obj
 0001:00000d60       ?GetLuaLastError@CDspLogParseImp@@UAEPBDXZ 10001d60 f   DspLogParseImp.obj
 0001:00000d80       ?Mid@?$CStringT@DV?$StrTraitMFC@DV?$ChTraitsCRT@D@ATL@@@@@ATL@@QBE?AV12@HH@Z 10001d80 f i DspLogParseImp.obj
 0001:00000e30       ?Right@?$CStringT@DV?$StrTraitMFC@DV?$ChTraitsCRT@D@ATL@@@@@ATL@@QBE?AV12@H@Z 10001e30 f i DspLogParseImp.obj
 0001:00000eb0       ?Left@?$CStringT@DV?$StrTraitMFC@DV?$ChTraitsCRT@D@ATL@@@@@ATL@@QBE?AV12@H@Z 10001eb0 f i DspLogParseImp.obj
 0001:00000f30       ??0?$basic_string@DU?$char_traits@D@std@@V?$allocator@D@2@@std@@QAE@PBD@Z 10001f30 f i DspLogParseImp.obj
 0001:00000f70       ??0?$basic_string@DU?$char_traits@D@std@@V?$allocator@D@2@@std@@QAE@ABV01@@Z 10001f70 f i DspLogParseImp.obj
 0001:00000fa0       ??1?$basic_string@DU?$char_traits@D@std@@V?$allocator@D@2@@std@@QAE@XZ 10001fa0 f i DspLogParseImp.obj
 0001:00000fd0       ??1?$vector@U_TP_FILTER_T@@V?$allocator@U_TP_FILTER_T@@@std@@@std@@QAE@XZ 10001fd0 f i DspLogParseImp.obj
 0001:00001000       ?clear@?$vector@U_TP_FILTER_T@@V?$allocator@U_TP_FILTER_T@@@std@@@std@@QAEXXZ 10002000 f i DspLogParseImp.obj
 0001:00001050       ??1?$_Vector_val@V?$basic_string@DU?$char_traits@D@std@@V?$allocator@D@2@@std@@V?$allocator@V?$basic_string@DU?$char_traits@D@std@@V?$allocator@D@2@@std@@@2@@std@@QAE@XZ 10002050 f i BaseLuaParse.obj
 0001:00001050       ??1?$_Vector_val@U_TP_FILTER_T@@V?$allocator@U_TP_FILTER_T@@@std@@@std@@QAE@XZ 10002050 f i DspLogParseImp.obj
 0001:00001050       ??1?$_Tree_val@V?$_Tset_traits@V?$basic_string@DU?$char_traits@D@std@@V?$allocator@D@2@@std@@U?$less@V?$basic_string@DU?$char_traits@D@std@@V?$allocator@D@2@@std@@@2@V?$allocator@V?$basic_string@DU?$char_traits@D@std@@V?$allocator@D@2@@std@@@2@$0A@@std@@@std@@QAE@XZ 10002050 f i BaseLuaParse.obj
 0001:00001060       ?GetManager@?$CStringT@DV?$StrTraitMFC@DV?$ChTraitsCRT@D@ATL@@@@@ATL@@QBEPAUIAtlStringMgr@2@XZ 10002060 f i DspLogParseImp.obj
 0001:00001090       ?assign@?$basic_string@DU?$char_traits@D@std@@V?$allocator@D@2@@std@@QAEAAV12@ABV12@II@Z 10002090 f i DspLogParseImp.obj
 0001:00001170       ?insert@?$vector@U_TP_FILTER_T@@V?$allocator@U_TP_FILTER_T@@@std@@@std@@QAE?AV?$_Vector_iterator@U_TP_FILTER_T@@V?$allocator@U_TP_FILTER_T@@@std@@@2@V?$_Vector_const_iterator@U_TP_FILTER_T@@V?$allocator@U_TP_FILTER_T@@@std@@@2@ABU_TP_FILTER_T@@@Z 10002170 f i DspLogParseImp.obj
 0001:00001220       ?erase@?$vector@U_TP_FILTER_T@@V?$allocator@U_TP_FILTER_T@@@std@@@std@@QAE?AV?$_Vector_iterator@U_TP_FILTER_T@@V?$allocator@U_TP_FILTER_T@@@std@@@2@V?$_Vector_const_iterator@U_TP_FILTER_T@@V?$allocator@U_TP_FILTER_T@@@std@@@2@0@Z 10002220 f i DspLogParseImp.obj
 0001:000012b0       ?assign@?$basic_string@DU?$char_traits@D@std@@V?$allocator@D@2@@std@@QAEAAV12@PBDI@Z 100022b0 f i DspLogParseImp.obj
 0001:00001390       ?erase@?$basic_string@DU?$char_traits@D@std@@V?$allocator@D@2@@std@@QAEAAV12@II@Z 10002390 f i DspLogParseImp.obj
 0001:00001420       ?_Insert_n@?$vector@U_TP_FILTER_T@@V?$allocator@U_TP_FILTER_T@@@std@@@std@@IAEXV?$_Vector_const_iterator@U_TP_FILTER_T@@V?$allocator@U_TP_FILTER_T@@@std@@@2@IABU_TP_FILTER_T@@@Z 10002420 f i DspLogParseImp.obj
 0001:00001670       ?_Xlen@?$vector@U_TP_FILTER_T@@V?$allocator@U_TP_FILTER_T@@@std@@@std@@KAXXZ 10002670 f i DspLogParseImp.obj
 0001:000016f0       ?allocate@?$allocator@U_TP_FILTER_T@@@std@@QAEPAU_TP_FILTER_T@@I@Z 100026f0 f i DspLogParseImp.obj
 0001:00001750       ??0length_error@std@@QAE@ABV01@@Z 10002750 f i DspLogParseImp.obj
 0001:00001770       ?_Copy@?$basic_string@DU?$char_traits@D@std@@V?$allocator@D@2@@std@@IAEXII@Z 10002770 f i DspLogParseImp.obj
 0001:000018e0       ?allocate@?$allocator@D@std@@QAEPADI@Z 100028e0 f i DspLogParseImp.obj
 0001:00001940       ??0bad_alloc@std@@QAE@ABV01@@Z 10002940 f i DspLogParseImp.obj
 0001:00001960       ??$_Uninit_fill_n@PAU_TP_FILTER_T@@IU1@V?$allocator@U_TP_FILTER_T@@@std@@@std@@YAXPAU_TP_FILTER_T@@IABU1@AAV?$allocator@U_TP_FILTER_T@@@0@U_Nonscalar_ptr_iterator_tag@0@U_Range_checked_iterator_tag@0@@Z 10002960 f i DspLogParseImp.obj
 0001:00001980       ??$_Uninit_copy@PAU_TP_FILTER_T@@PAU1@V?$allocator@U_TP_FILTER_T@@@std@@@std@@YAPAU_TP_FILTER_T@@PAU1@00AAV?$allocator@U_TP_FILTER_T@@@0@U_Nonscalar_ptr_iterator_tag@0@U_Range_checked_iterator_tag@0@@Z 10002980 f i DspLogParseImp.obj
 0001:000019a0       ??3@YAXPAX0@Z              100029a0 f i DspLogParseImp.obj
 0001:000019b0       ??0?$CSimpleStringT@D$0A@@ATL@@QAE@PBDHPAUIAtlStringMgr@1@@Z 100029b0 f i DspLogParseImp.obj
 0001:00001a20       ?Empty@?$CSimpleStringT@D$0A@@ATL@@QAEXXZ 10002a20 f i DspLogParseImp.obj
 0001:00001a80       ?Fork@?$CSimpleStringT@D$0A@@ATL@@AAEXH@Z 10002a80 f i DspLogParseImp.obj
 0001:00001b00       ?Reallocate@?$CSimpleStringT@D$0A@@ATL@@AAEXH@Z 10002b00 f i DspLogParseImp.obj
 0001:00001b40       ?PrepareWrite2@?$CSimpleStringT@D$0A@@ATL@@AAEXH@Z 10002b40 f i DspLogParseImp.obj
 0001:00001b90       ?PrepareWrite@?$CSimpleStringT@D$0A@@ATL@@AAEPADH@Z 10002b90 f i DspLogParseImp.obj
 0001:00001bc0       ?SetLength@?$CSimpleStringT@D$0A@@ATL@@AAEXH@Z 10002bc0 f i DspLogParseImp.obj
 0001:00001bf0       ?SetString@?$CSimpleStringT@D$0A@@ATL@@QAEXPBDH@Z 10002bf0 f i DspLogParseImp.obj
 0001:00001c80       ??4?$CSimpleStringT@D$0A@@ATL@@QAEAAV01@ABV01@@Z 10002c80 f i DspLogParseImp.obj
 0001:00001d00       ??4?$CStringT@DV?$StrTraitMFC@DV?$ChTraitsCRT@D@ATL@@@@@ATL@@QAEAAV01@ABV01@@Z 10002d00 f i DspLogParseImp.obj
 0001:00001d20       ??1?$CSimpleStringT@D$0A@@ATL@@QAE@XZ 10002d20 f i DspLogParseImp.obj
 0001:00001d20       ??1?$CStringT@DV?$StrTraitMFC@DV?$ChTraitsCRT@D@ATL@@@@@ATL@@QAE@XZ 10002d20 f i DspLogParseImp.obj
 0001:00001d40       ?AtlThrowImpl@ATL@@YGXJ@Z  10002d40 f i DspLogParseImp.obj
 0001:00001d60       ?ThrowMemoryException@?$CSimpleStringT@D$0A@@ATL@@KAXXZ 10002d60 f i DspLogParseImp.obj
 0001:00001d70       ?CloneData@?$CSimpleStringT@D$0A@@ATL@@CAPAUCStringData@2@PAU32@@Z 10002d70 f i DspLogParseImp.obj
 0001:00001de0       ??0?$CStringT@DV?$StrTraitMFC@DV?$ChTraitsCRT@D@ATL@@@@@ATL@@QAE@ABV01@@Z 10002de0 f i DspLogParseImp.obj
 0001:00001de0       ??0?$CSimpleStringT@D$0A@@ATL@@QAE@ABV01@@Z 10002de0 f i DspLogParseImp.obj
 0001:00001e00       ?Release@CStringData@ATL@@QAEXXZ 10002e00 f i DspLogParseImp.obj
 0001:00001e20       ?GetMessageMap@CDspLogParserApp@@MBEPBUAFX_MSGMAP@@XZ 10002e20 f   DspLogParser.obj
 0001:00001e30       ??_ECDspLogParserApp@@UAEPAXI@Z 10002e30 f i  CIL library: CIL module
 0001:00001e30       ??_GCDspLogParserApp@@UAEPAXI@Z 10002e30 f i DspLogParser.obj
 0001:00001e50       ?InitInstance@CDspLogParserApp@@UAEHXZ 10002e50 f   DspLogParser.obj
 0001:00001e60       ?ExitInstance@CDspLogParserApp@@MAEHXZ 10002e60 f   DspLogParser.obj
 0001:00001e70       _CreateDspLogDecoder       10002e70 f   DspLogParser.obj
 0001:00001ea0       _ReleaseDspLogDecoder      10002ea0 f   DspLogParser.obj
 0001:00001ec0       ?Serialize@CObject@@UAEXAAVCArchive@@@Z 10002ec0 f i DspLogParser.obj
 0001:00001ed0       ??3CObject@@SGXPAX@Z       10002ed0 f i DspLogParser.obj
 0001:00001ee0       ?AfxCrtErrorCheck@@YAHH@Z  10002ee0 f i stdafx.obj
 0001:00001f70       ?memmove_s@Checked@ATL@@YAXPAXIPBXI@Z 10002f70 f i stdafx.obj
 0001:00001fa0       ?_AtlGetStringResourceImage@ATL@@YAPBUATLSTRINGRESOURCEIMAGE@1@PAUHINSTANCE__@@PAUHRSRC__@@I@Z 10002fa0 f i stdafx.obj
 0001:00002010       ?AtlGetStringResourceImage@ATL@@YAPBUATLSTRINGRESOURCEIMAGE@1@PAUHINSTANCE__@@I@Z 10003010 f i stdafx.obj
 0001:00002050       ??0?$CStringT@DV?$StrTraitMFC@DV?$ChTraitsCRT@D@ATL@@@@@ATL@@QAE@XZ 10003050 f i stdafx.obj
 0001:00002080       ??0?$CStringT@DV?$StrTraitMFC@DV?$ChTraitsCRT@D@ATL@@@@@ATL@@QAE@PBD@Z 10003080 f i stdafx.obj
 0001:00002140       ??4?$CStringT@DV?$StrTraitMFC@DV?$ChTraitsCRT@D@ATL@@@@@ATL@@QAEAAV01@PBD@Z 10003140 f i stdafx.obj
 0001:00002180       ?LoadStringA@?$CStringT@DV?$StrTraitMFC@DV?$ChTraitsCRT@D@ATL@@@@@ATL@@QAEHI@Z 10003180 f i stdafx.obj
 0001:000021b0       ?LoadStringA@?$CStringT@DV?$StrTraitMFC@DV?$ChTraitsCRT@D@ATL@@@@@ATL@@QAEHPAUHINSTANCE__@@I@Z 100031b0 f i stdafx.obj
 0001:00002270       ?CheckImplicitLoad@?$CStringT@DV?$StrTraitMFC@DV?$ChTraitsCRT@D@ATL@@@@@ATL@@AAE_NPBX@Z 10003270 f i stdafx.obj
 0001:000022b0       ??0?$CSimpleStringT@D$0A@@ATL@@QAE@PAUIAtlStringMgr@1@@Z 100032b0 f i stdafx.obj
 0001:000022e0       ?ConvertToBaseType@?$ChTraitsCRT@D@ATL@@SAXPADHPB_WH@Z 100032e0 f i stdafx.obj
 0001:00002310       ?GetBaseTypeLength@?$ChTraitsCRT@D@ATL@@SAHPB_WH@Z 10003310 f i stdafx.obj
 0001:00002330       ?StringLength@?$CSimpleStringT@D$0A@@ATL@@SAHPBD@Z 10003330 f i stdafx.obj
 0001:00002350       ?GetModuleFilePathA@@YAXPAD@Z 10003350 f   stdafx.obj
 0001:000023e0       ?SplitStr@@YAHPBDAAVCStringArray@@D@Z 100033e0 f   stdafx.obj
 0001:00002580       ?GetModuleFilePath@@YAXPAD@Z 10003580 f   stdafx.obj
 0001:000025e0       ?TrimRight@?$CStringT@DV?$StrTraitMFC@DV?$ChTraitsCRT@D@ATL@@@@@ATL@@QAEAAV12@XZ 100035e0 f i stdafx.obj
 0001:00002660       ?TrimLeft@?$CStringT@DV?$StrTraitMFC@DV?$ChTraitsCRT@D@ATL@@@@@ATL@@QAEAAV12@XZ 10003660 f i stdafx.obj
 0001:00002700       ?Truncate@?$CSimpleStringT@D$0A@@ATL@@QAEXH@Z 10003700 f i stdafx.obj
 0001:00002740       ?compare@?$char_traits@D@std@@SAHPBD0I@Z 10003740 f i BaseLuaParse.obj
 0001:000027c0       ??0out_of_range@std@@QAE@ABV?$basic_string@DU?$char_traits@D@std@@V?$allocator@D@2@@1@@Z 100037c0 f i BaseLuaParse.obj
 0001:000027e0       ??0out_of_range@std@@QAE@ABV01@@Z 100037e0 f i BaseLuaParse.obj
 0001:00002800       ?GetLuaLastError@CBaseLuaParse@@UAEPBDXZ 10003800 f i BaseLuaParse.obj
 0001:00002810       ?Format@@YA?AV?$basic_string@DU?$char_traits@D@std@@V?$allocator@D@2@@std@@PBDZZ 10003810 f   BaseLuaParse.obj
 0001:000028b0       ?OpenLua@CBaseLuaParse@@UAEPAUlua_State@@PBD@Z 100038b0 f   BaseLuaParse.obj
 0001:00002ac0       ?InitLua@CBaseLuaParse@@UAEHPBDPADH@Z 10003ac0 f   BaseLuaParse.obj
 0001:00002c10       ?CloseLua@CBaseLuaParse@@UAEXAAPAUlua_State@@@Z 10003c10 f   BaseLuaParse.obj
 0001:00002c30       ?GetInitOprList@CBaseLuaParse@@MAEHPAUlua_State@@PADAAV?$vector@V?$basic_string@DU?$char_traits@D@std@@V?$allocator@D@2@@std@@V?$allocator@V?$basic_string@DU?$char_traits@D@std@@V?$allocator@D@2@@std@@@2@@std@@@Z 10003c30 f   BaseLuaParse.obj
 0001:00002de0       ?InitGlobalOpr@CBaseLuaParse@@MAEHPAUlua_State@@PAD@Z 10003de0 f   BaseLuaParse.obj
 0001:00002fb0       ?AddLuaPath@CBaseLuaParse@@SAXPBD@Z 10003fb0 f   BaseLuaParse.obj
 0001:000030a0       ?AddCPath@CBaseLuaParse@@SAXPBD@Z 100040a0 f   BaseLuaParse.obj
 0001:00003160       ?LuaAddPath@CBaseLuaParse@@AAEXPAUlua_State@@@Z 10004160 f   BaseLuaParse.obj
 0001:000032d0       ?LuaAddPath@CBaseLuaParse@@AAEXPAUlua_State@@PBD1@Z 100042d0 f   BaseLuaParse.obj
 0001:000033f0       ?clear@?$basic_string@DU?$char_traits@D@std@@V?$allocator@D@2@@std@@QAEXXZ 100043f0 f i BaseLuaParse.obj
 0001:00003490       ?insert@?$_Tree@V?$_Tset_traits@V?$basic_string@DU?$char_traits@D@std@@V?$allocator@D@2@@std@@U?$less@V?$basic_string@DU?$char_traits@D@std@@V?$allocator@D@2@@std@@@2@V?$allocator@V?$basic_string@DU?$char_traits@D@std@@V?$allocator@D@2@@std@@@2@$0A@@std@@@std@@QAE?AU?$pair@Viterator@?$_Tree@V?$_Tset_traits@V?$basic_string@DU?$char_traits@D@std@@V?$allocator@D@2@@std@@U?$less@V?$basic_string@DU?$char_traits@D@std@@V?$allocator@D@2@@std@@@2@V?$allocator@V?$basic_string@DU?$char_traits@D@std@@V?$allocator@D@2@@std@@@2@$0A@@std@@@std@@_N@2@ABV?$basic_string@DU?$char_traits@D@std@@V?$allocator@D@2@@2@@Z 10004490 f i BaseLuaParse.obj
 0001:00003660       ??0?$vector@V?$basic_string@DU?$char_traits@D@std@@V?$allocator@D@2@@std@@V?$allocator@V?$basic_string@DU?$char_traits@D@std@@V?$allocator@D@2@@std@@@2@@std@@QAE@XZ 10004660 f i BaseLuaParse.obj
 0001:000036c0       ??1?$vector@V?$basic_string@DU?$char_traits@D@std@@V?$allocator@D@2@@std@@V?$allocator@V?$basic_string@DU?$char_traits@D@std@@V?$allocator@D@2@@std@@@2@@std@@QAE@XZ 100046c0 f i BaseLuaParse.obj
 0001:00003710       ?at@?$vector@V?$basic_string@DU?$char_traits@D@std@@V?$allocator@D@2@@std@@V?$allocator@V?$basic_string@DU?$char_traits@D@std@@V?$allocator@D@2@@std@@@2@@std@@QAEAAV?$basic_string@DU?$char_traits@D@std@@V?$allocator@D@2@@2@I@Z 10004710 f i BaseLuaParse.obj
 0001:000037b0       ?push_back@?$vector@V?$basic_string@DU?$char_traits@D@std@@V?$allocator@D@2@@std@@V?$allocator@V?$basic_string@DU?$char_traits@D@std@@V?$allocator@D@2@@std@@@2@@std@@QAEXABV?$basic_string@DU?$char_traits@D@std@@V?$allocator@D@2@@2@@Z 100047b0 f i BaseLuaParse.obj
 0001:00003860       ?clear@?$vector@V?$basic_string@DU?$char_traits@D@std@@V?$allocator@D@2@@std@@V?$allocator@V?$basic_string@DU?$char_traits@D@std@@V?$allocator@D@2@@std@@@2@@std@@QAEXXZ 10004860 f i BaseLuaParse.obj
 0001:000038b0       ?append@?$basic_string@DU?$char_traits@D@std@@V?$allocator@D@2@@std@@QAEAAV12@PBDI@Z 100048b0 f i BaseLuaParse.obj
 0001:000039c0       ?erase@?$basic_string@DU?$char_traits@D@std@@V?$allocator@D@2@@std@@QAE?AV?$_String_iterator@DU?$char_traits@D@std@@V?$allocator@D@2@@2@V?$_String_const_iterator@DU?$char_traits@D@std@@V?$allocator@D@2@@2@0@Z 100049c0 f i BaseLuaParse.obj
 0001:00003ae0       ??0?$_Tree@V?$_Tset_traits@V?$basic_string@DU?$char_traits@D@std@@V?$allocator@D@2@@std@@U?$less@V?$basic_string@DU?$char_traits@D@std@@V?$allocator@D@2@@std@@@2@V?$allocator@V?$basic_string@DU?$char_traits@D@std@@V?$allocator@D@2@@std@@@2@$0A@@std@@@std@@QAE@ABU?$less@V?$basic_string@DU?$char_traits@D@std@@V?$allocator@D@2@@std@@@1@ABV?$allocator@V?$basic_string@DU?$char_traits@D@std@@V?$allocator@D@2@@std@@@1@@Z 10004ae0 f i BaseLuaParse.obj
 0001:00003b60       ?_Erase@?$_Tree@V?$_Tset_traits@V?$basic_string@DU?$char_traits@D@std@@V?$allocator@D@2@@std@@U?$less@V?$basic_string@DU?$char_traits@D@std@@V?$allocator@D@2@@std@@@2@V?$allocator@V?$basic_string@DU?$char_traits@D@std@@V?$allocator@D@2@@std@@@2@$0A@@std@@@std@@IAEXPAU_Node@?$_Tree_nod@V?$_Tset_traits@V?$basic_string@DU?$char_traits@D@std@@V?$allocator@D@2@@std@@U?$less@V?$basic_string@DU?$char_traits@D@std@@V?$allocator@D@2@@std@@@2@V?$allocator@V?$basic_string@DU?$char_traits@D@std@@V?$allocator@D@2@@std@@@2@$0A@@std@@@2@@Z 10004b60 f i BaseLuaParse.obj
 0001:00003bc0       ?_Insert@?$_Tree@V?$_Tset_traits@V?$basic_string@DU?$char_traits@D@std@@V?$allocator@D@2@@std@@U?$less@V?$basic_string@DU?$char_traits@D@std@@V?$allocator@D@2@@std@@@2@V?$allocator@V?$basic_string@DU?$char_traits@D@std@@V?$allocator@D@2@@std@@@2@$0A@@std@@@std@@IAE?AViterator@12@_NPAU_Node@?$_Tree_nod@V?$_Tset_traits@V?$basic_string@DU?$char_traits@D@std@@V?$allocator@D@2@@std@@U?$less@V?$basic_string@DU?$char_traits@D@std@@V?$allocator@D@2@@std@@@2@V?$allocator@V?$basic_string@DU?$char_traits@D@std@@V?$allocator@D@2@@std@@@2@$0A@@std@@@2@ABV?$basic_string@DU?$char_traits@D@std@@V?$allocator@D@2@@2@@Z 10004bc0 f i BaseLuaParse.obj
 0001:00003e50       ?_Tidy@?$_Tree@V?$_Tset_traits@V?$basic_string@DU?$char_traits@D@std@@V?$allocator@D@2@@std@@U?$less@V?$basic_string@DU?$char_traits@D@std@@V?$allocator@D@2@@std@@@2@V?$allocator@V?$basic_string@DU?$char_traits@D@std@@V?$allocator@D@2@@std@@@2@$0A@@std@@@std@@IAEXXZ 10004e50 f i BaseLuaParse.obj
 0001:00003e90       ??R?$less@V?$basic_string@DU?$char_traits@D@std@@V?$allocator@D@2@@std@@@std@@QBE_NABV?$basic_string@DU?$char_traits@D@std@@V?$allocator@D@2@@1@0@Z 10004e90 f i BaseLuaParse.obj
 0001:00003ef0       ?insert@?$vector@V?$basic_string@DU?$char_traits@D@std@@V?$allocator@D@2@@std@@V?$allocator@V?$basic_string@DU?$char_traits@D@std@@V?$allocator@D@2@@std@@@2@@std@@QAE?AV?$_Vector_iterator@V?$basic_string@DU?$char_traits@D@std@@V?$allocator@D@2@@std@@V?$allocator@V?$basic_string@DU?$char_traits@D@std@@V?$allocator@D@2@@std@@@2@@2@V?$_Vector_const_iterator@V?$basic_string@DU?$char_traits@D@std@@V?$allocator@D@2@@std@@V?$allocator@V?$basic_string@DU?$char_traits@D@std@@V?$allocator@D@2@@std@@@2@@2@ABV?$basic_string@DU?$char_traits@D@std@@V?$allocator@D@2@@2@@Z 10004ef0 f i BaseLuaParse.obj
 0001:00003fd0       ?erase@?$vector@V?$basic_string@DU?$char_traits@D@std@@V?$allocator@D@2@@std@@V?$allocator@V?$basic_string@DU?$char_traits@D@std@@V?$allocator@D@2@@std@@@2@@std@@QAE?AV?$_Vector_iterator@V?$basic_string@DU?$char_traits@D@std@@V?$allocator@D@2@@std@@V?$allocator@V?$basic_string@DU?$char_traits@D@std@@V?$allocator@D@2@@std@@@2@@2@V?$_Vector_const_iterator@V?$basic_string@DU?$char_traits@D@std@@V?$allocator@D@2@@std@@V?$allocator@V?$basic_string@DU?$char_traits@D@std@@V?$allocator@D@2@@std@@@2@@2@0@Z 10004fd0 f i BaseLuaParse.obj
 0001:00004050       ?_Xran@?$vector@V?$basic_string@DU?$char_traits@D@std@@V?$allocator@D@2@@std@@V?$allocator@V?$basic_string@DU?$char_traits@D@std@@V?$allocator@D@2@@std@@@2@@std@@KAXXZ 10005050 f i BaseLuaParse.obj
 0001:000040d0       ?append@?$basic_string@DU?$char_traits@D@std@@V?$allocator@D@2@@std@@QAEAAV12@ABV12@II@Z 100050d0 f i BaseLuaParse.obj
 0001:000041c0       ?erase@?$_Tree@V?$_Tset_traits@V?$basic_string@DU?$char_traits@D@std@@V?$allocator@D@2@@std@@U?$less@V?$basic_string@DU?$char_traits@D@std@@V?$allocator@D@2@@std@@@2@V?$allocator@V?$basic_string@DU?$char_traits@D@std@@V?$allocator@D@2@@std@@@2@$0A@@std@@@std@@QAE?AViterator@12@Vconst_iterator@12@0@Z 100051c0 f i BaseLuaParse.obj
 0001:00004310       ?_Lrotate@?$_Tree@V?$_Tset_traits@V?$basic_string@DU?$char_traits@D@std@@V?$allocator@D@2@@std@@U?$less@V?$basic_string@DU?$char_traits@D@std@@V?$allocator@D@2@@std@@@2@V?$allocator@V?$basic_string@DU?$char_traits@D@std@@V?$allocator@D@2@@std@@@2@$0A@@std@@@std@@IAEXPAU_Node@?$_Tree_nod@V?$_Tset_traits@V?$basic_string@DU?$char_traits@D@std@@V?$allocator@D@2@@std@@U?$less@V?$basic_string@DU?$char_traits@D@std@@V?$allocator@D@2@@std@@@2@V?$allocator@V?$basic_string@DU?$char_traits@D@std@@V?$allocator@D@2@@std@@@2@$0A@@std@@@2@@Z 10005310 f i BaseLuaParse.obj
 0001:00004360       ?_Rrotate@?$_Tree@V?$_Tset_traits@V?$basic_string@DU?$char_traits@D@std@@V?$allocator@D@2@@std@@U?$less@V?$basic_string@DU?$char_traits@D@std@@V?$allocator@D@2@@std@@@2@V?$allocator@V?$basic_string@DU?$char_traits@D@std@@V?$allocator@D@2@@std@@@2@$0A@@std@@@std@@IAEXPAU_Node@?$_Tree_nod@V?$_Tset_traits@V?$basic_string@DU?$char_traits@D@std@@V?$allocator@D@2@@std@@U?$less@V?$basic_string@DU?$char_traits@D@std@@V?$allocator@D@2@@std@@@2@V?$allocator@V?$basic_string@DU?$char_traits@D@std@@V?$allocator@D@2@@std@@@2@$0A@@std@@@2@@Z 10005360 f i BaseLuaParse.obj
 0001:000043b0       ?_Buynode@?$_Tree@V?$_Tset_traits@V?$basic_string@DU?$char_traits@D@std@@V?$allocator@D@2@@std@@U?$less@V?$basic_string@DU?$char_traits@D@std@@V?$allocator@D@2@@std@@@2@V?$allocator@V?$basic_string@DU?$char_traits@D@std@@V?$allocator@D@2@@std@@@2@$0A@@std@@@std@@IAEPAU_Node@?$_Tree_nod@V?$_Tset_traits@V?$basic_string@DU?$char_traits@D@std@@V?$allocator@D@2@@std@@U?$less@V?$basic_string@DU?$char_traits@D@std@@V?$allocator@D@2@@std@@@2@V?$allocator@V?$basic_string@DU?$char_traits@D@std@@V?$allocator@D@2@@std@@@2@$0A@@std@@@2@PAU342@00ABV?$basic_string@DU?$char_traits@D@std@@V?$allocator@D@2@@2@D@Z 100053b0 f i BaseLuaParse.obj
 0001:00004460       ?allocate@?$allocator@V?$basic_string@DU?$char_traits@D@std@@V?$allocator@D@2@@std@@@std@@QAEPAV?$basic_string@DU?$char_traits@D@std@@V?$allocator@D@2@@2@I@Z 10005460 f i BaseLuaParse.obj
 0001:000044c0       ?_Insert_n@?$vector@V?$basic_string@DU?$char_traits@D@std@@V?$allocator@D@2@@std@@V?$allocator@V?$basic_string@DU?$char_traits@D@std@@V?$allocator@D@2@@std@@@2@@std@@IAEXV?$_Vector_const_iterator@V?$basic_string@DU?$char_traits@D@std@@V?$allocator@D@2@@std@@V?$allocator@V?$basic_string@DU?$char_traits@D@std@@V?$allocator@D@2@@std@@@2@@2@IABV?$basic_string@DU?$char_traits@D@std@@V?$allocator@D@2@@2@@Z 100054c0 f i BaseLuaParse.obj
 0001:00004840       ?_Xlen@?$vector@V?$basic_string@DU?$char_traits@D@std@@V?$allocator@D@2@@std@@V?$allocator@V?$basic_string@DU?$char_traits@D@std@@V?$allocator@D@2@@std@@@2@@std@@KAXXZ 10005840 f i BaseLuaParse.obj
 0001:000048c0       ?erase@?$_Tree@V?$_Tset_traits@V?$basic_string@DU?$char_traits@D@std@@V?$allocator@D@2@@std@@U?$less@V?$basic_string@DU?$char_traits@D@std@@V?$allocator@D@2@@std@@@2@V?$allocator@V?$basic_string@DU?$char_traits@D@std@@V?$allocator@D@2@@std@@@2@$0A@@std@@@std@@QAE?AViterator@12@Vconst_iterator@12@@Z 100058c0 f i BaseLuaParse.obj
 0001:00004bd0       ?_Buynode@?$_Tree@V?$_Tset_traits@V?$basic_string@DU?$char_traits@D@std@@V?$allocator@D@2@@std@@U?$less@V?$basic_string@DU?$char_traits@D@std@@V?$allocator@D@2@@std@@@2@V?$allocator@V?$basic_string@DU?$char_traits@D@std@@V?$allocator@D@2@@std@@@2@$0A@@std@@@std@@IAEPAU_Node@?$_Tree_nod@V?$_Tset_traits@V?$basic_string@DU?$char_traits@D@std@@V?$allocator@D@2@@std@@U?$less@V?$basic_string@DU?$char_traits@D@std@@V?$allocator@D@2@@std@@@2@V?$allocator@V?$basic_string@DU?$char_traits@D@std@@V?$allocator@D@2@@std@@@2@$0A@@std@@@2@XZ 10005bd0 f i BaseLuaParse.obj
 0001:00004c10       ?_Dec@const_iterator@?$_Tree@V?$_Tset_traits@V?$basic_string@DU?$char_traits@D@std@@V?$allocator@D@2@@std@@U?$less@V?$basic_string@DU?$char_traits@D@std@@V?$allocator@D@2@@std@@@2@V?$allocator@V?$basic_string@DU?$char_traits@D@std@@V?$allocator@D@2@@std@@@2@$0A@@std@@@std@@QAEXXZ 10005c10 f i BaseLuaParse.obj
 0001:00004c90       ?_Inc@const_iterator@?$_Tree@V?$_Tset_traits@V?$basic_string@DU?$char_traits@D@std@@V?$allocator@D@2@@std@@U?$less@V?$basic_string@DU?$char_traits@D@std@@V?$allocator@D@2@@std@@@2@V?$allocator@V?$basic_string@DU?$char_traits@D@std@@V?$allocator@D@2@@std@@@2@$0A@@std@@@std@@QAEXXZ 10005c90 f i BaseLuaParse.obj
 0001:00004d00       ?_Max@?$_Tree@V?$_Tset_traits@V?$basic_string@DU?$char_traits@D@std@@V?$allocator@D@2@@std@@U?$less@V?$basic_string@DU?$char_traits@D@std@@V?$allocator@D@2@@std@@@2@V?$allocator@V?$basic_string@DU?$char_traits@D@std@@V?$allocator@D@2@@std@@@2@$0A@@std@@@std@@KAPAU_Node@?$_Tree_nod@V?$_Tset_traits@V?$basic_string@DU?$char_traits@D@std@@V?$allocator@D@2@@std@@U?$less@V?$basic_string@DU?$char_traits@D@std@@V?$allocator@D@2@@std@@@2@V?$allocator@V?$basic_string@DU?$char_traits@D@std@@V?$allocator@D@2@@std@@@2@$0A@@std@@@2@PAU342@@Z 10005d00 f i BaseLuaParse.obj
 0001:00004d20       ??$unchecked_copy@PAV?$basic_string@DU?$char_traits@D@std@@V?$allocator@D@2@@std@@PAV12@@stdext@@YAPAV?$basic_string@DU?$char_traits@D@std@@V?$allocator@D@2@@std@@PAV12@00@Z 10005d20 f i BaseLuaParse.obj
 0001:00004d70       ??$fill@PAV?$basic_string@DU?$char_traits@D@std@@V?$allocator@D@2@@std@@V12@@std@@YAXPAV?$basic_string@DU?$char_traits@D@std@@V?$allocator@D@2@@0@0ABV10@@Z 10005d70 f i BaseLuaParse.obj
 0001:00004d90       ??$_Unchecked_move_backward@PAV?$basic_string@DU?$char_traits@D@std@@V?$allocator@D@2@@std@@PAV12@@stdext@@YAPAV?$basic_string@DU?$char_traits@D@std@@V?$allocator@D@2@@std@@PAV12@00@Z 10005d90 f i BaseLuaParse.obj
 0001:00004de0       ??$_Uninit_fill_n@PAV?$basic_string@DU?$char_traits@D@std@@V?$allocator@D@2@@std@@IV12@V?$allocator@V?$basic_string@DU?$char_traits@D@std@@V?$allocator@D@2@@std@@@2@@std@@YAXPAV?$basic_string@DU?$char_traits@D@std@@V?$allocator@D@2@@0@IABV10@AAV?$allocator@V?$basic_string@DU?$char_traits@D@std@@V?$allocator@D@2@@std@@@0@U_Nonscalar_ptr_iterator_tag@0@U_Range_checked_iterator_tag@0@@Z 10005de0 f i BaseLuaParse.obj
 0001:00004e90       ??$_Destroy_range@V?$allocator@V?$basic_string@DU?$char_traits@D@std@@V?$allocator@D@2@@std@@@std@@@std@@YAXPAV?$basic_string@DU?$char_traits@D@std@@V?$allocator@D@2@@0@0AAV?$allocator@V?$basic_string@DU?$char_traits@D@std@@V?$allocator@D@2@@std@@@0@U_Nonscalar_ptr_iterator_tag@0@@Z 10005e90 f i BaseLuaParse.obj
 0001:00004ed0       ?destroy@?$allocator@V?$basic_string@DU?$char_traits@D@std@@V?$allocator@D@2@@std@@@std@@QAEXPAV?$basic_string@DU?$char_traits@D@std@@V?$allocator@D@2@@2@@Z 10005ed0 f i BaseLuaParse.obj
 0001:00004f00       ??$_Uninit_move@PAV?$basic_string@DU?$char_traits@D@std@@V?$allocator@D@2@@std@@PAV12@V?$allocator@V?$basic_string@DU?$char_traits@D@std@@V?$allocator@D@2@@std@@@2@@std@@YAPAV?$basic_string@DU?$char_traits@D@std@@V?$allocator@D@2@@0@PAV10@00AAV?$allocator@V?$basic_string@DU?$char_traits@D@std@@V?$allocator@D@2@@std@@@0@U_Swap_move_tag@0@U_Range_checked_iterator_tag@0@@Z 10005f00 f i BaseLuaParse.obj
 0001:00005040       ??$_Move_backward_opt@PAV?$basic_string@DU?$char_traits@D@std@@V?$allocator@D@2@@std@@PAV12@Uforward_iterator_tag@2@@std@@YAPAV?$basic_string@DU?$char_traits@D@std@@V?$allocator@D@2@@0@PAV10@00Uforward_iterator_tag@0@U_Swap_move_tag@0@U_Range_checked_iterator_tag@0@@Z 10006040 f i BaseLuaParse.obj
 0001:000050d0       ??0CDataLuaImp@@QAE@XZ     100060d0 f   DataLuaImp.obj
 0001:000050f0       ??1CDescLuaImp@@QAE@XZ     100060f0 f   DescLuaImp.obj
 0001:000050f0       ??1CParaLuaImp@@QAE@XZ     100060f0 f   ParaLuaImp.obj
 0001:000050f0       ??1CDataLuaImp@@QAE@XZ     100060f0 f   DataLuaImp.obj
 0001:00005140       ?GetAddrData@CDataLuaImp@@QAENHPAU_TP_INFO_@@HPAD@Z 10006140 f   DataLuaImp.obj
 0001:000051b0       ?GetLuaDataViaSingleAddr@CDataLuaImp@@AAENHPAU_TP_INFO_@@@Z 100061b0 f   DataLuaImp.obj
 0001:00005370       ?GetLuaDataViaDoubleAddr@CDataLuaImp@@AAENHPAU_TP_INFO_@@HPAD@Z 10006370 f   DataLuaImp.obj
 0001:000055c0       ??0CDescLuaImp@@QAE@XZ     100065c0 f   DescLuaImp.obj
 0001:000055e0       ?GetDescription@CDescLuaImp@@QAEPADHPADHPAU_TP_INFO_@@H0@Z 100065e0 f   DescLuaImp.obj
 0001:00005670       ?GetDescViaSingleAddr@CDescLuaImp@@AAEPADPADHHPAU_TP_INFO_@@@Z 10006670 f   DescLuaImp.obj
 0001:00005860       ?GetDescViaDoubleAddr@CDescLuaImp@@AAEPADPADHHPAU_TP_INFO_@@H0@Z 10006860 f   DescLuaImp.obj
 0001:00005a20       ??0CLuaParserMgr@@QAE@XZ   10006a20 f   LuaParserMgr.obj
 0001:00005ae0       ??1CLuaParserMgr@@QAE@XZ   10006ae0 f   LuaParserMgr.obj
 0001:00005ba0       ?LoadLuaScript@CLuaParserMgr@@QAEHPBD@Z 10006ba0 f   LuaParserMgr.obj
 0001:00006ad0       ?GetAddrData@CLuaParserMgr@@QAENHPAU_TP_INFO_@@HPAD@Z 10007ad0 f   LuaParserMgr.obj
 0001:00006b80       ?GetDescription@CLuaParserMgr@@QAEPADHPADHPAU_TP_INFO_@@H0@Z 10007b80 f   LuaParserMgr.obj
 0001:00006cb0       ?GetParaAddr@CLuaParserMgr@@QAEPADHPBDPADH@Z 10007cb0 f   LuaParserMgr.obj
 0001:00006d60       ?GetParaAddr@CLuaParserMgr@@QAEHHPBDAAU_TP_PARAMETER_T_@@@Z 10007d60 f   LuaParserMgr.obj
 0001:00006e10       ?TrimRight@?$CStringT@DV?$StrTraitMFC@DV?$ChTraitsCRT@D@ATL@@@@@ATL@@QAEAAV12@PBD@Z 10007e10 f i LuaParserMgr.obj
 0001:00006e70       ?FormatV@?$CStringT@DV?$StrTraitMFC@DV?$ChTraitsCRT@D@ATL@@@@@ATL@@QAEXPBDPAD@Z 10007e70 f i LuaParserMgr.obj
 0001:00006ef0       ?Format@?$CStringT@DV?$StrTraitMFC@DV?$ChTraitsCRT@D@ATL@@@@@ATL@@QAAXPBDZZ 10007ef0 f i LuaParserMgr.obj
 0001:00006f10       ??0CParaLuaImp@@QAE@XZ     10007f10 f   ParaLuaImp.obj
 0001:00006f30       ?GetParaAddr@CParaLuaImp@@QAEHHPBDAAU_TP_PARAMETER_T_@@@Z 10007f30 f   ParaLuaImp.obj
 0001:00007030       ?_GetParaAddrInfo@CParaLuaImp@@AAEHHPBDAAU_TP_PARAMETER_T_@@@Z 10008030 f   ParaLuaImp.obj
 0001:000078b0       ?GetParaAddr@CParaLuaImp@@QAEPADHPBDPADH@Z 100088b0 f   ParaLuaImp.obj
 0001:00007a60       ?SplitStr@CParaLuaImp@@AAEHPBDAAVCStringArray@@D@Z 10008a60 f   ParaLuaImp.obj
 0001:00007bf0       ?GetDigit@CParaLuaImp@@AAEJPBD@Z 10008bf0 f   ParaLuaImp.obj
 0001:00007cee       _luaL_newstate             10008cee f   lua51:lua51.dll
 0001:00007cf4       _luaL_openlibs             10008cf4 f   lua51:lua51.dll
 0001:00007cfa       _luaL_loadfile             10008cfa f   lua51:lua51.dll
 0001:00007d00       _lua_pcall                 10008d00 f   lua51:lua51.dll
 0001:00007d06       _lua_tolstring             10008d06 f   lua51:lua51.dll
 0001:00007d0c       _lua_settop                10008d0c f   lua51:lua51.dll
 0001:00007d12       _lua_getfield              10008d12 f   lua51:lua51.dll
 0001:00007d18       _lua_close                 10008d18 f   lua51:lua51.dll
 0001:00007d1e       _lua_type                  10008d1e f   lua51:lua51.dll
 0001:00007d24       _lua_gettop                10008d24 f   lua51:lua51.dll
 0001:00007d2a       _lua_pushnil               10008d2a f   lua51:lua51.dll
 0001:00007d30       _lua_next                  10008d30 f   lua51:lua51.dll
 0001:00007d36       _lua_pushstring            10008d36 f   lua51:lua51.dll
 0001:00007d3c       _lua_setfield              10008d3c f   lua51:lua51.dll
 0001:00007d42       _lua_pushnumber            10008d42 f   lua51:lua51.dll
 0001:00007d48       _lua_tonumber              10008d48 f   lua51:lua51.dll
 0001:00007d4e       _RawDllMain@12             10008d4e f   nafxcw:dllmodul.obj
 0001:00007d54       ?AfxTermDllState@@YAXXZ    10008d54 f   nafxcw:dllmodul.obj
 0001:00007d67       _InternalDllMain@12        10008d67 f   nafxcw:dllmodul.obj
 0001:00007e30       _DllMain@12                10008e30 f   nafxcw:dllmodul.obj
 0001:00007e62       ?AfxNewHandler@@YAHI@Z     10008e62 f   nafxcw:afxmem.obj
 0001:00007e67       ?AfxSetNewHandler@@YGP6AHI@ZP6AHI@Z@Z 10008e67 f   nafxcw:afxmem.obj
 0001:00007e7e       ??2@YAPAXI@Z               10008e7e f   nafxcw:afxmem.obj
 0001:00007ead       ??3@YAXPAX@Z               10008ead f   nafxcw:afxmem.obj
 0001:00007eb8       ?GetRuntimeClass@CStringArray@@UBEPAUCRuntimeClass@@XZ 10008eb8 f   nafxcw:array_s.obj
 0001:00007ebe       ??$AtlMultiply@I@ATL@@YAJPAIII@Z 10008ebe f i nafxcw:array_s.obj
 0001:00007ee2       ?memcpy_s@Checked@ATL@@YAXPAXIPBXI@Z 10008ee2 f i nafxcw:array_s.obj
 0001:00007f03       ?FreeHeap@?$CTempBuffer@_W$0IA@VCCRTAllocator@ATL@@@ATL@@AAEXXZ 10008f03 f i nafxcw:array_s.obj
 0001:00007f03       ?FreeHeap@?$CTempBuffer@D$0IA@VCCRTAllocator@ATL@@@ATL@@AAEXXZ 10008f03 f i nafxcw:array_s.obj
 0001:00007f0c       ?AllocateHeap@?$CTempBuffer@D$0IA@VCCRTAllocator@ATL@@@ATL@@AAEXI@Z 10008f0c f i nafxcw:array_s.obj
 0001:00007f0c       ?AllocateHeap@?$CTempBuffer@_W$0IA@VCCRTAllocator@ATL@@@ATL@@AAEXI@Z 10008f0c f i nafxcw:array_s.obj
 0001:00007f32       ??$AtlMultiplyThrow@I@ATL@@YAIII@Z 10008f32 f i nafxcw:array_s.obj
 0001:00007f59       ??0CStringArray@@QAE@XZ    10008f59 f   nafxcw:array_s.obj
 0001:00007f70       ?CreateObject@CStringArray@@SGPAVCObject@@XZ 10008f70 f   nafxcw:array_s.obj
 0001:00007f86       ??1?$CTempBuffer@_W$0IA@VCCRTAllocator@ATL@@@ATL@@QAE@XZ 10008f86 f i nafxcw:array_s.obj
 0001:00007f86       ??1?$CTempBuffer@D$0IA@VCCRTAllocator@ATL@@@ATL@@QAE@XZ 10008f86 f i nafxcw:array_s.obj
 0001:00007f93       ?AllocateBytes@?$CTempBuffer@D$0IA@VCCRTAllocator@ATL@@@ATL@@QAEPADI@Z 10008f93 f i nafxcw:array_s.obj
 0001:00007f93       ?AllocateBytes@?$CTempBuffer@_W$0IA@VCCRTAllocator@ATL@@@ATL@@QAEPA_WI@Z 10008f93 f i nafxcw:array_s.obj
 0001:00007fba       ??$?6DV?$StrTraitMFC@DV?$ChTraitsCRT@D@ATL@@@@@CArchive@@QAEAAV0@ABV?$CStringT@DV?$StrTraitMFC@DV?$ChTraitsCRT@D@ATL@@@@@ATL@@@Z 10008fba f i nafxcw:array_s.obj
 0001:00007fe8       ?Allocate@?$CTempBuffer@D$0IA@VCCRTAllocator@ATL@@@ATL@@QAEPADI@Z 10008fe8 f i nafxcw:array_s.obj
 0001:00008009       ?Allocate@?$CTempBuffer@_W$0IA@VCCRTAllocator@ATL@@@ATL@@QAEPA_WI@Z 10009009 f i nafxcw:array_s.obj
 0001:0000802a       ??0?$CStringT@DV?$StrTraitMFC@DV?$ChTraitsCRT@D@ATL@@@@@ATL@@QAE@PBDH@Z 1000902a f i nafxcw:array_s.obj
 0001:0000804c       ??_G?$CStringT@DV?$StrTraitMFC@DV?$ChTraitsCRT@D@ATL@@@@@ATL@@QAEPAXI@Z 1000904c f i nafxcw:array_s.obj
 0001:0000809b       ??0?$CTempBuffer@D$0IA@VCCRTAllocator@ATL@@@ATL@@QAE@I@Z 1000909b f i nafxcw:array_s.obj
 0001:000080b5       ??0?$CTempBuffer@_W$0IA@VCCRTAllocator@ATL@@@ATL@@QAE@I@Z 100090b5 f i nafxcw:array_s.obj
 0001:000080fa       ?SetSize@CStringArray@@QAEXHH@Z 100090fa f   nafxcw:array_s.obj
 0001:00008230       ??0?$CStringT@DV?$StrTraitMFC@DV?$ChTraitsCRT@D@ATL@@@@@ATL@@QAE@PB_WH@Z 10009230 f i nafxcw:array_s.obj
 0001:000082a0       ??1CStringArray@@UAE@XZ    100092a0 f   nafxcw:array_s.obj
 0001:00008378       ??_ECStringArray@@UAEPAXI@Z 10009378 f i nafxcw:array_s.obj
 0001:00008378       ??_GCStringArray@@UAEPAXI@Z 10009378 f i nafxcw:array_s.obj
 0001:00008399       ?SetAtGrow@CStringArray@@QAEXHABV?$CStringT@DV?$StrTraitMFC@DV?$ChTraitsCRT@D@ATL@@@@@ATL@@@Z 10009399 f   nafxcw:array_s.obj
 0001:000083eb       ??$?5DV?$StrTraitMFC@DV?$ChTraitsCRT@D@ATL@@@@@CArchive@@QAEAAV0@AAV?$CStringT@DV?$StrTraitMFC@DV?$ChTraitsCRT@D@ATL@@@@@ATL@@@Z 100093eb f i nafxcw:array_s.obj
 0001:0000850f       ?Serialize@CStringArray@@UAEXAAVCArchive@@@Z 1000950f f   nafxcw:array_s.obj
 0001:0000857d       ?GetRuntimeClass@COleException@@UBEPAUCRuntimeClass@@XZ 1000957d f   nafxcw:olemisc.obj
 0001:00008583       ?tcsncpy_s@Checked@ATL@@YAHPADIPBDI@Z 10009583 f i nafxcw:olemisc.obj
 0001:000085a4       ??0COleException@@QAE@XZ   100095a4 f i nafxcw:olemisc.obj
 0001:000085bc       ?StringLengthN@?$CSimpleStringT@D$0A@@ATL@@SAHPBDI@Z 100095bc f i nafxcw:olemisc.obj
 0001:000085d1       ?AfxThrowOleException@@YGXJ@Z 100095d1 f   nafxcw:olemisc.obj
 0001:00008614       ?GetErrorMessage@COleException@@UBEHPADIPAI@Z 10009614 f   nafxcw:olemisc.obj
 0001:00008670       ?AtlCrtErrorCheck@ATL@@YAHH@Z 10009670 f i nafxcw:olemisc.obj
 0001:000086aa       ??_ECOleException@@UAEPAXI@Z 100096aa f i nafxcw:olemisc.obj
 0001:000086aa       ??_GCOleException@@UAEPAXI@Z 100096aa f i nafxcw:olemisc.obj
 0001:000086cc       ?AppendChar@?$CSimpleStringT@D$0A@@ATL@@QAEXD@Z 100096cc f i nafxcw:olemisc.obj
 0001:000086f9       ?Append@?$CSimpleStringT@D$0A@@ATL@@QAEXPBDH@Z 100096f9 f i nafxcw:olemisc.obj
 0001:00008773       ??Y?$CSimpleStringT@D$0A@@ATL@@QAEAAV01@D@Z 10009773 f i nafxcw:olemisc.obj
 0001:0000878a       ?Append@?$CSimpleStringT@D$0A@@ATL@@QAEXPBD@Z 1000978a f i nafxcw:olemisc.obj
 0001:000087ab       ??Y?$CStringT@DV?$StrTraitMFC@DV?$ChTraitsCRT@D@ATL@@@@@ATL@@QAEAAV01@D@Z 100097ab f i nafxcw:olemisc.obj
 0001:000087c2       ??Y?$CSimpleStringT@D$0A@@ATL@@QAEAAV01@PBD@Z 100097c2 f i nafxcw:olemisc.obj
 0001:000087d9       ??Y?$CStringT@DV?$StrTraitMFC@DV?$ChTraitsCRT@D@ATL@@@@@ATL@@QAEAAV01@PBD@Z 100097d9 f i nafxcw:olemisc.obj
 0001:000087f0       ?Delete@CException@@QAEXXZ 100097f0 f   nafxcw:except.obj
 0001:000087fe       ?GetErrorMessage@CException@@UAEHPADIPAI@Z 100097fe f   nafxcw:except.obj
 0001:00008809       ?ReportError@CException@@UAEHII@Z 10009809 f   nafxcw:except.obj
 0001:0000887d       ?GetRuntimeClass@CSimpleException@@UBEPAUCRuntimeClass@@XZ 1000987d f   nafxcw:except.obj
 0001:00008883       ?GetRuntimeClass@CMemoryException@@UBEPAUCRuntimeClass@@XZ 10009883 f   nafxcw:except.obj
 0001:00008889       ?GetRuntimeClass@CNotSupportedException@@UBEPAUCRuntimeClass@@XZ 10009889 f   nafxcw:except.obj
 0001:0000888f       ?GetRuntimeClass@CInvalidArgException@@UBEPAUCRuntimeClass@@XZ 1000988f f   nafxcw:except.obj
 0001:00008895       ?InitString@CSimpleException@@QAEXXZ 10009895 f   nafxcw:except.obj
 0001:000088c0       ?AfxThrowMemoryException@@YGXXZ 100098c0 f   nafxcw:except.obj
 0001:000088dc       ?AfxThrowNotSupportedException@@YGXXZ 100098dc f   nafxcw:except.obj
 0001:000088f8       ?AfxThrowInvalidArgException@@YGXXZ 100098f8 f   nafxcw:except.obj
 0001:00008914       ?CreateObject@?$CThreadLocal@V_AFX_THREAD_STATE@@@@SGPAVCNoTrackObject@@XZ 10009914 f i nafxcw:except.obj
 0001:00008943       ??0CException@@QAE@XZ      10009943 f   nafxcw:except.obj
 0001:0000894d       ??0CException@@QAE@H@Z     1000994d f   nafxcw:except.obj
 0001:0000895e       ?GetErrorMessage@CSimpleException@@UBEHPADIPAI@Z 1000995e f   nafxcw:except.obj
 0001:000089b2       ??_GCMemoryException@@UAEPAXI@Z 100099b2 f i nafxcw:except.obj
 0001:000089b2       ??_GCInvalidArgException@@UAEPAXI@Z 100099b2 f i nafxcw:except.obj
 0001:000089b2       ??_ECInvalidArgException@@UAEPAXI@Z 100099b2 f i nafxcw:except.obj
 0001:000089b2       ??_ECResourceException@@UAEPAXI@Z 100099b2 f i nafxcw:wingdi.obj
 0001:000089b2       ??_GCUserException@@UAEPAXI@Z 100099b2 f i nafxcw:wingdi.obj
 0001:000089b2       ??_GCNotSupportedException@@UAEPAXI@Z 100099b2 f i nafxcw:except.obj
 0001:000089b2       ??_ECMemoryException@@UAEPAXI@Z 100099b2 f i nafxcw:except.obj
 0001:000089b2       ??_ECUserException@@UAEPAXI@Z 100099b2 f i nafxcw:wingdi.obj
 0001:000089b2       ??_GCResourceException@@UAEPAXI@Z 100099b2 f i nafxcw:wingdi.obj
 0001:000089b2       ??_ECNotSupportedException@@UAEPAXI@Z 100099b2 f i nafxcw:except.obj
 0001:000089d4       ?AfxGetStringManager@@YGPAUIAtlStringMgr@ATL@@XZ 100099d4 f   nafxcw:strcore.obj
 0001:000089da       ?Allocate@CAfxStringMgr@@UAEPAUCStringData@ATL@@HH@Z 100099da f   nafxcw:strcore.obj
 0001:00008a19       ?Free@CAfxStringMgr@@UAEXPAUCStringData@ATL@@@Z 10009a19 f   nafxcw:strcore.obj
 0001:00008a2b       ?Reallocate@CAfxStringMgr@@UAEPAUCStringData@ATL@@PAU23@HH@Z 10009a2b f   nafxcw:strcore.obj
 0001:00008a5d       ?Clone@CAfxStringMgr@@UAEPAUIAtlStringMgr@ATL@@XZ 10009a5d f   nafxcw:strcore.obj
 0001:00008a60       ??0CAfxStringMgr@@QAE@XZ   10009a60 f i nafxcw:strcore.obj
 0001:00008a83       ?GetNilString@CAfxStringMgr@@UAEPAUCStringData@ATL@@XZ 10009a83 f   nafxcw:strcore.obj
 0001:00008a91       ?GetThisMessageMap@CWinApp@@KGPBUAFX_MSGMAP@@XZ 10009a91 f   nafxcw:appcore.obj
 0001:00008a91       ?GetMessageMap@CWinApp@@MBEPBUAFX_MSGMAP@@XZ 10009a91 f   nafxcw:appcore.obj
 0001:00008ab1       ??0CActivationContext@@QAE@PAX@Z 10009ab1 f i nafxcw:appcore.obj
 0001:00008b68       ?Create@CActivationContext@@QAE_NPBUtagACTCTXA@@@Z 10009b68 f i nafxcw:appcore.obj
 0001:00008ba2       ?Activate@CActivationContext@@QAE_NXZ 10009ba2 f i nafxcw:appcore.obj
 0001:00008bcf       ?Deactivate@CActivationContext@@QAE_NXZ 10009bcf f i nafxcw:appcore.obj
 0001:00008bf5       ?_LoadSysPolicies@CWinApp@@IAEHXZ 10009bf5 f   nafxcw:appcore.obj
 0001:00008cba       ?InitApplication@CWinApp@@UAEHXZ 10009cba f   nafxcw:appcore.obj
 0001:00008cfa       ?SaveStdProfileSettings@CWinApp@@IAEXXZ 10009cfa f   nafxcw:appcore.obj
 0001:00008d31       ?ExitInstance@CWinApp@@UAEHXZ 10009d31 f   nafxcw:appcore.obj
 0001:00008d94       ?AfxPostQuitMessage@@YGXH@Z 10009d94 f   nafxcw:appcore.obj
 0001:00008db6       ?ProcessWndProcException@CWinApp@@UAEJPAVCException@@PBUtagMSG@@@Z 10009db6 f   nafxcw:appcore.obj
 0001:00008e39       ?OnIdle@CWinApp@@UAEHJ@Z   10009e39 f   nafxcw:appcore.obj
 0001:00008e9f       ?DevModeChange@CWinApp@@QAEXPAD@Z 10009e9f f   nafxcw:appcore.obj
 0001:00008f3f       ?GetRuntimeClass@CWinApp@@UBEPAUCRuntimeClass@@XZ 10009f3f f   nafxcw:appcore.obj
 0001:00008f45       ?CreateObject@?$CThreadLocal@VAFX_MODULE_THREAD_STATE@@@@SGPAVCNoTrackObject@@XZ 10009f45 f i nafxcw:appcore.obj
 0001:00008f71       ?tcscpy_s@Checked@ATL@@YAXPADIPBD@Z 10009f71 f i nafxcw:appcore.obj
 0001:00008f8f       ?AfxSetResourceHandle@@YGXPAUHINSTANCE__@@@Z 10009f8f f i nafxcw:appcore.obj
 0001:00008fa3       ?AfxGetMainWnd@@YGPAVCWnd@@XZ 10009fa3 f i nafxcw:appcore.obj
 0001:00008fb6       ?AfxInvariantStrICmp@@YAHPBD0@Z 10009fb6 f i nafxcw:appcore.obj
 0001:000090a8       ?Release@CActivationContext@@QAEXXZ 1000a0a8 f i nafxcw:appcore.obj
 0001:000090c8       ?LoadSysPolicies@CWinApp@@UAEHXZ 1000a0c8 f   nafxcw:appcore.obj
 0001:000090cd       ?InitInstance@CWinApp@@UAEHXZ 1000a0cd f   nafxcw:appcore.obj
 0001:00009101       ?Run@CWinApp@@UAEHXZ       1000a101 f   nafxcw:appcore.obj
 0001:00009124       ?WinHelpA@CWinApp@@UAEXKI@Z 1000a124 f   nafxcw:appcore.obj
 0001:00009165       ?HtmlHelpA@CWinApp@@UAEXKI@Z 1000a165 f   nafxcw:appcore.obj
 0001:000091a9       ?WinHelpInternal@CWinApp@@UAEXKI@Z 1000a1a9 f   nafxcw:appcore.obj
 0001:000091ed       ?GetData@?$CThreadLocal@VAFX_MODULE_THREAD_STATE@@@@QAEPAVAFX_MODULE_THREAD_STATE@@XZ 1000a1ed f i nafxcw:appcore.obj
 0001:00009201       ??1CActivationContext@@QAE@XZ 1000a201 f i nafxcw:appcore.obj
 0001:00009206       ?AfxLoadLangResourceDLL@@YGPAUHINSTANCE__@@PBD0@Z 1000a206 f   nafxcw:appcore.obj
 0001:00009475       ?LoadAppLangResourceDLL@CWinApp@@UAEPAUHINSTANCE__@@XZ 1000a475 f   nafxcw:appcore.obj
 0001:000094e9       ??0CWinApp@@QAE@PBD@Z      1000a4e9 f   nafxcw:appcore.obj
 0001:000095c0       ??1CWinApp@@UAE@XZ         1000a5c0 f   nafxcw:appcore.obj
 0001:00009797       ??_GCWinApp@@UAEPAXI@Z     1000a797 f i nafxcw:appcore.obj
 0001:00009797       ??_ECWinApp@@UAEPAXI@Z     1000a797 f i nafxcw:appcore.obj
 0001:000097b8       _IsEqualGUID               1000a7b8 f i nafxcw:cmdtarg.obj
 0001:000097d4       ?_AfxDispatchCmdMsg@@YGHPAVCCmdTarget@@IHP81@AEXXZPAXIPAUAFX_CMDHANDLERINFO@@@Z 1000a7d4 f   nafxcw:cmdtarg.obj
 0001:0000990c       ?OnCmdMsg@CCmdTarget@@UAEHIHPAXPAUAFX_CMDHANDLERINFO@@@Z 1000a90c f   nafxcw:cmdtarg.obj
 0001:00009a2a       ?IsInvokeAllowed@CCmdTarget@@UAEHJ@Z 1000aa2a f   nafxcw:cmdtarg.obj
 0001:00009a30       ?GetTypeLib@CCmdTarget@@UAEJKPAPAUITypeLib@@@Z 1000aa30 f   nafxcw:cmdtarg.obj
 0001:00009a38       ?GetThisMessageMap@CCmdTarget@@KGPBUAFX_MSGMAP@@XZ 1000aa38 f   nafxcw:cmdtarg.obj
 0001:00009a38       ?GetMessageMap@CCmdTarget@@MBEPBUAFX_MSGMAP@@XZ 1000aa38 f   nafxcw:cmdtarg.obj
 0001:00009a3e       ?GetDispatchMap@CCmdTarget@@MBEPBUAFX_DISPMAP@@XZ 1000aa3e f   nafxcw:cmdtarg.obj
 0001:00009a44       ?GetEventSinkMap@CCmdTarget@@MBEPBUAFX_EVENTSINKMAP@@XZ 1000aa44 f   nafxcw:cmdtarg.obj
 0001:00009a4a       ?GetInterfaceMap@CCmdTarget@@MBEPBUAFX_INTERFACEMAP@@XZ 1000aa4a f   nafxcw:cmdtarg.obj
 0001:00009a50       ?OnFinalRelease@CCmdTarget@@UAEXXZ 1000aa50 f   nafxcw:cmdtarg.obj
 0001:00009a80       ?GetInterfaceHook@CCmdTarget@@UAEPAUIUnknown@@PBX@Z 1000aa80 f   nafxcw:cmdtarg.obj
 0001:00009a80       ?SetOccDialogInfo@CWnd@@MAEHPAU_AFX_OCC_DIALOG_INFO@@@Z 1000aa80 f   nafxcw:wincore.obj
 0001:00009a80       ?GetScrollBarCtrl@CWnd@@UBEPAVCScrollBar@@H@Z 1000aa80 f   nafxcw:wincore.obj
 0001:00009a80       ?GetConnectionHook@CCmdTarget@@MAEPAUIConnectionPoint@@ABU_GUID@@@Z 1000aa80 f   nafxcw:cmdtarg.obj
 0001:00009a80       ?GetDispatchIID@CCmdTarget@@UAEHPAU_GUID@@@Z 1000aa80 f   nafxcw:cmdtarg.obj
 0001:00009a80       ?GetExtraConnectionPoints@CCmdTarget@@MAEHPAVCPtrArray@@@Z 1000aa80 f   nafxcw:cmdtarg.obj
 0001:00009a85       ?GetConnectionMap@CCmdTarget@@MBEPBUAFX_CONNECTIONMAP@@XZ 1000aa85 f   nafxcw:cmdtarg.obj
 0001:00009a8b       ?GetCommandMap@CCmdTarget@@MBEPBUAFX_OLECMDMAP@@XZ 1000aa8b f   nafxcw:cmdtarg.obj
 0001:00009a91       ??0CCmdUI@@QAE@XZ          1000aa91 f   nafxcw:cmdtarg.obj
 0001:00009ab7       ?CheckMenuItem@CMenu@@QAEIII@Z 1000aab7 f i nafxcw:cmdtarg.obj
 0001:00009acf       ?EnableMenuItem@CMenu@@QAEIII@Z 1000aacf f i nafxcw:cmdtarg.obj
 0001:00009ae7       ?ModifyMenuA@CMenu@@QAEHIIIPBD@Z 1000aae7 f i nafxcw:cmdtarg.obj
 0001:00009b05       ?SendMessageA@CWnd@@QBEJIIJ@Z 1000ab05 f i nafxcw:cmdtarg.obj
 0001:00009b20       ??0CCmdTarget@@QAE@XZ      1000ab20 f   nafxcw:cmdtarg.obj
 0001:00009b48       ??1CCmdTarget@@UAE@XZ      1000ab48 f   nafxcw:cmdtarg.obj
 0001:00009b5f       ?BeginWaitCursor@CCmdTarget@@QAEXXZ 1000ab5f f   nafxcw:cmdtarg.obj
 0001:00009b74       ?EndWaitCursor@CCmdTarget@@QAEXXZ 1000ab74 f   nafxcw:cmdtarg.obj
 0001:00009b89       ?Enable@CCmdUI@@UAEXH@Z    1000ab89 f   nafxcw:cmdtarg.obj
 0001:00009c17       ?SetCheck@CCmdUI@@UAEXH@Z  1000ac17 f   nafxcw:cmdtarg.obj
 0001:00009c8d       ?SetText@CCmdUI@@UAEXPBD@Z 1000ac8d f   nafxcw:cmdtarg.obj
 0001:00009cfa       ?_AfxLoadDotBitmap@@YGXXZ  1000acfa f   nafxcw:cmdtarg.obj
 0001:00009e1c       ?SetRadio@CCmdUI@@UAEXH@Z  1000ae1c f   nafxcw:cmdtarg.obj
 0001:00009e84       ?AfxGetThread@@YGPAVCWinThread@@XZ 1000ae84 f   nafxcw:thrdcore.obj
 0001:00009e8d       ?AfxGetCurrentMessage@@YGPAUtagMSG@@XZ 1000ae8d f   nafxcw:thrdcore.obj
 0001:00009e96       ?AfxInternalProcessWndProcException@@YGJPAVCException@@PBUtagMSG@@@Z 1000ae96 f   nafxcw:thrdcore.obj
 0001:00009ec0       ?AfxProcessWndProcException@@YGJPAVCException@@PBUtagMSG@@@Z 1000aec0 f   nafxcw:thrdcore.obj
 0001:00009edd       ?AfxTermThread@@YGXPAUHINSTANCE__@@@Z 1000aedd f   nafxcw:thrdcore.obj
 0001:00009f7c       ?CommonConstruct@CWinThread@@QAEXXZ 1000af7c f   nafxcw:thrdcore.obj
 0001:00009fb5       ??1CWinThread@@UAE@XZ      1000afb5 f   nafxcw:thrdcore.obj
 0001:00009ffd       ?Delete@CWinThread@@UAEXXZ 1000affd f   nafxcw:thrdcore.obj
 0001:0000a00b       ?Run@CWinThread@@UAEHXZ    1000b00b f   nafxcw:thrdcore.obj
 0001:0000a09f       ?ExitInstance@CWinThread@@UAEHXZ 1000b09f f   nafxcw:thrdcore.obj
 0001:0000a0a8       ?DispatchThreadMessageEx@CWinThread@@IAEHPAUtagMSG@@@Z 1000b0a8 f   nafxcw:thrdcore.obj
 0001:0000a126       ?ProcessWndProcException@CWinThread@@UAEJPAVCException@@PBUtagMSG@@@Z 1000b126 f   nafxcw:thrdcore.obj
 0001:0000a131       ?IsEnterKey@@YAHPAUtagMSG@@@Z 1000b131 f i nafxcw:thrdcore.obj
 0001:0000a151       ?GetRuntimeClass@CWinThread@@UBEPAUCRuntimeClass@@XZ 1000b151 f   nafxcw:thrdcore.obj
 0001:0000a157       ??8CPoint@@QBEHUtagPOINT@@@Z 1000b157 f i nafxcw:thrdcore.obj
 0001:0000a176       ?AfxInternalPreTranslateMessage@@YAHPAUtagMSG@@@Z 1000b176 f   nafxcw:thrdcore.obj
 0001:0000a1e9       ?AfxPreTranslateMessage@@YAHPAUtagMSG@@@Z 1000b1e9 f   nafxcw:thrdcore.obj
 0001:0000a20a       ?AfxInternalIsIdleMessage@@YAHPAUtagMSG@@@Z 1000b20a f   nafxcw:thrdcore.obj
 0001:0000a27b       ??_ECWinThread@@UAEPAXI@Z  1000b27b f i nafxcw:thrdcore.obj
 0001:0000a27b       ??_GCWinThread@@UAEPAXI@Z  1000b27b f i nafxcw:thrdcore.obj
 0001:0000a29c       ??0CWinThread@@QAE@XZ      1000b29c f   nafxcw:thrdcore.obj
 0001:0000a2d2       ?IsIdleMessage@CWinThread@@UAEHPAUtagMSG@@@Z 1000b2d2 f   nafxcw:thrdcore.obj
 0001:0000a2e4       ?PreTranslateMessage@CWinThread@@UAEHPAUtagMSG@@@Z 1000b2e4 f   nafxcw:thrdcore.obj
 0001:0000a2f6       ?GetMainWnd@CWinThread@@UAEPAVCWnd@@XZ 1000b2f6 f   nafxcw:thrdcore.obj
 0001:0000a311       ?AfxInternalPumpMessage@@YGHXZ 1000b311 f   nafxcw:thrdcore.obj
 0001:0000a357       ?_AfxMsgFilterHook@@YGJHIJ@Z 1000b357 f   nafxcw:thrdcore.obj
 0001:0000a3bb       ?ProcessMessageFilter@CWinThread@@UAEHHPAUtagMSG@@@Z 1000b3bb f   nafxcw:thrdcore.obj
 0001:0000a4ea       ?PumpMessage@CWinThread@@UAEHXZ 1000b4ea f   nafxcw:thrdcore.obj
 0001:0000a4ef       ?AfxInitThread@@YGXXZ      1000b4ef f   nafxcw:thrdcore.obj
 0001:0000a51d       ?OnIdle@CWinThread@@UAEHJ@Z 1000b51d f   nafxcw:thrdcore.obj
 0001:0000a61f       ?GetFirstDocTemplatePosition@CWinApp@@QBEPAU__POSITION@@XZ 1000b61f f   nafxcw:appui2.obj
 0001:0000a630       ?GetNextDocTemplate@CWinApp@@QBEPAVCDocTemplate@@AAPAU__POSITION@@@Z 1000b630 f   nafxcw:appui2.obj
 0001:0000a649       ?ReleaseBuffer@?$CSimpleStringT@D$0A@@ATL@@QAEXH@Z 1000b649 f i nafxcw:appui2.obj
 0001:0000a673       ??0?$CStringT@DV?$StrTraitMFC@DV?$ChTraitsCRT@D@ATL@@@@@ATL@@QAE@PAUIAtlStringMgr@1@@Z 1000b673 f i nafxcw:appui2.obj
 0001:0000a68a       ?Concatenate@?$CSimpleStringT@D$0A@@ATL@@KAXAAV12@PBDH1H@Z 1000b68a f i nafxcw:appui2.obj
 0001:0000a6d3       ??HATL@@YA?AV?$CStringT@DV?$StrTraitMFC@DV?$ChTraitsCRT@D@ATL@@@@@0@ABV10@PBD@Z 1000b6d3 f i nafxcw:appui2.obj
 0001:0000a728       ??HATL@@YA?AV?$CStringT@DV?$StrTraitMFC@DV?$ChTraitsCRT@D@ATL@@@@@0@PBDABV10@@Z 1000b728 f i nafxcw:appui2.obj
 0001:0000a77d       ?AfxDelRegTreeHelper@@YGJPAUHKEY__@@ABV?$CStringT@DV?$StrTraitMFC@DV?$ChTraitsCRT@D@ATL@@@@@ATL@@@Z 1000b77d f   nafxcw:appui2.obj
 0001:0000a8fb       ?Unregister@CWinApp@@UAEHXZ 1000b8fb f   nafxcw:appui2.obj
 0001:0000aa6e       ?DoWaitCursor@CWinApp@@UAEXH@Z 1000ba6e f   nafxcw:appui.obj
 0001:0000aaed       ?SaveAllModified@CWinApp@@UAEHXZ 1000baed f   nafxcw:appui.obj
 0001:0000aaff       ?AddToRecentFileList@CWinApp@@UAEXPBD@Z 1000baff f   nafxcw:appui.obj
 0001:0000ab28       ?OpenDocumentFile@CWinApp@@UAEPAVCDocument@@PBD@Z 1000bb28 f   nafxcw:appui.obj
 0001:0000ab41       ?OnUpdateRecentFileMenu@CWinApp@@IAEXPAVCCmdUI@@@Z 1000bb41 f   nafxcw:appui.obj
 0001:0000ab74       ?OnDDECommand@CWinApp@@UAEHPAD@Z 1000bb74 f   nafxcw:appui.obj
 0001:0000ab8e       ??ACRecentFileList@@QAEAAV?$CStringT@DV?$StrTraitMFC@DV?$ChTraitsCRT@D@ATL@@@@@ATL@@H@Z 1000bb8e f i nafxcw:appui.obj
 0001:0000abae       ?OnAppExit@CWinApp@@IAEXXZ 1000bbae f   nafxcw:appui.obj
 0001:0000abc1       ?OnOpenRecentFile@CWinApp@@IAEHI@Z 1000bbc1 f   nafxcw:appui.obj
 0001:0000ac1f       ?GetRoutingFrame_@CCmdTarget@@KGPAVCFrameWnd@@XZ 1000bc1f f   nafxcw:appui1.obj
 0001:0000ac2b       ?AfxCtxMessageBoxA@@YAHPAUHWND__@@PBD1I@Z 1000bc2b f i nafxcw:appui1.obj
 0001:0000acc2       ?DoEnableModeless@CWinApp@@SAXH@Z 1000bcc2 f   nafxcw:appui1.obj
 0001:0000acfb       ?GetSafeOwner_@CWnd@@SGPAUHWND__@@PAU2@PAPAU2@@Z 1000bcfb f   nafxcw:appui1.obj
 0001:0000ad9b       ?ShowAppMessageBox@CWinApp@@SAHPAV1@PBDII@Z 1000bd9b f   nafxcw:appui1.obj
 0001:0000aefc       ?AfxMessageBox@@YGHPBDII@Z 1000befc f   nafxcw:appui1.obj
 0001:0000af2f       ?DoMessageBox@CWinApp@@UAEHPBDII@Z 1000bf2f f   nafxcw:appui1.obj
 0001:0000af4a       ?AfxMessageBox@@YGHIII@Z   1000bf4a f   nafxcw:appui1.obj
 0001:0000af99       ?AfxLoadString@@YGHIPADI@Z 1000bf99 f   nafxcw:winstr.obj
 0001:0000aff3       ?AfxFindStringResourceHandle@@YGPAUHINSTANCE__@@I@Z 1000bff3 f   nafxcw:winstr.obj
 0001:0000affe       ?GetBufferSetLength@?$CSimpleStringT@D$0A@@ATL@@QAEPADH@Z 1000bffe f i nafxcw:winstr.obj
 0001:0000b023       ?Close@CFileFind@@QAEXXZ   1000c023 f   nafxcw:filefind.obj
 0001:0000b065       ?CloseContext@CFileFind@@MAEXXZ 1000c065 f   nafxcw:filefind.obj
 0001:0000b06f       ?MatchesMask@CFileFind@@UBEHK@Z 1000c06f f   nafxcw:filefind.obj
 0001:0000b08e       ?GetLastAccessTime@CFileFind@@UBEHPAU_FILETIME@@@Z 1000c08e f   nafxcw:filefind.obj
 0001:0000b0b7       ?GetLastWriteTime@CFileFind@@UBEHPAU_FILETIME@@@Z 1000c0b7 f   nafxcw:filefind.obj
 0001:0000b0e0       ?GetCreationTime@CFileFind@@UBEHPAU_FILETIME@@@Z 1000c0e0 f   nafxcw:filefind.obj
 0001:0000b109       ?FindNextFileA@CFileFind@@UAEHXZ 1000c109 f   nafxcw:filefind.obj
 0001:0000b145       ?GetRuntimeClass@CFileFind@@UBEPAUCRuntimeClass@@XZ 1000c145 f   nafxcw:filefind.obj
 0001:0000b14b       ?IsValidFILETIME@CTime@ATL@@SGHABU_FILETIME@@@Z 1000c14b f i nafxcw:filefind.obj
 0001:0000b17c       ??0CTime@ATL@@QAE@HHHHHHH@Z 1000c17c f i nafxcw:filefind.obj
 0001:0000b211       ??0CTime@ATL@@QAE@ABU_SYSTEMTIME@@H@Z 1000c211 f i nafxcw:filefind.obj
 0001:0000b26e       ??0CTime@ATL@@QAE@ABU_FILETIME@@H@Z 1000c26e f i nafxcw:filefind.obj
 0001:0000b2ce       ?GetLastAccessTime@CFileFind@@UBEHAAVCTime@ATL@@@Z 1000c2ce f   nafxcw:filefind.obj
 0001:0000b322       ?GetLastWriteTime@CFileFind@@UBEHAAVCTime@ATL@@@Z 1000c322 f   nafxcw:filefind.obj
 0001:0000b376       ?GetCreationTime@CFileFind@@UBEHAAVCTime@ATL@@@Z 1000c376 f   nafxcw:filefind.obj
 0001:0000b3ca       ?IsDots@CFileFind@@UBEHXZ  1000c3ca f   nafxcw:filefind.obj
 0001:0000b405       ??0CFileFind@@QAE@XZ       1000c405 f   nafxcw:filefind.obj
 0001:0000b42b       ??1CFileFind@@UAE@XZ       1000c42b f   nafxcw:filefind.obj
 0001:0000b45c       ?GetRoot@CFileFind@@UBE?AV?$CStringT@DV?$StrTraitMFC@DV?$ChTraitsCRT@D@ATL@@@@@ATL@@XZ 1000c45c f   nafxcw:filefind.obj
 0001:0000b479       ??_GCFileFind@@UAEPAXI@Z   1000c479 f i nafxcw:filefind.obj
 0001:0000b479       ??_ECFileFind@@UAEPAXI@Z   1000c479 f i nafxcw:filefind.obj
 0001:0000b49a       ?FindFile@CFileFind@@UAEHPBDK@Z 1000c49a f   nafxcw:filefind.obj
 0001:0000b5d4       ?GetFileTitle@CFileFind@@UBE?AV?$CStringT@DV?$StrTraitMFC@DV?$ChTraitsCRT@D@ATL@@@@@ATL@@XZ 1000c5d4 f   nafxcw:filefind.obj
 0001:0000b648       ?Append@?$CSimpleStringT@D$0A@@ATL@@QAEXABV12@@Z 1000c648 f i nafxcw:filefind.obj
 0001:0000b65f       ??Y?$CSimpleStringT@D$0A@@ATL@@QAEAAV01@ABV01@@Z 1000c65f f i nafxcw:filefind.obj
 0001:0000b676       ??Y?$CStringT@DV?$StrTraitMFC@DV?$ChTraitsCRT@D@ATL@@@@@ATL@@QAEAAV01@ABV?$CSimpleStringT@D$0A@@1@@Z 1000c676 f i nafxcw:filefind.obj
 0001:0000b68d       ?GetFilePath@CFileFind@@UBE?AV?$CStringT@DV?$StrTraitMFC@DV?$ChTraitsCRT@D@ATL@@@@@ATL@@XZ 1000c68d f   nafxcw:filefind.obj
 0001:0000b719       ?GetFileName@CFileFind@@UBE?AV?$CStringT@DV?$StrTraitMFC@DV?$ChTraitsCRT@D@ATL@@@@@ATL@@XZ 1000c719 f   nafxcw:filefind.obj
 0001:0000b75c       ?GetFileURL@CFileFind@@UBE?AV?$CStringT@DV?$StrTraitMFC@DV?$ChTraitsCRT@D@ATL@@@@@ATL@@XZ 1000c75c f   nafxcw:filefind.obj
 0001:0000b7b3       ?GetRuntimeClass@CObject@@UBEPAUCRuntimeClass@@XZ 1000c7b3 f   nafxcw:objcore.obj
 0001:0000b7b9       ?CreateObject@CRuntimeClass@@QAEPAVCObject@@XZ 1000c7b9 f   nafxcw:objcore.obj
 0001:0000b803       ?IsDerivedFrom@CRuntimeClass@@QBEHPBU1@@Z 1000c803 f   nafxcw:objcore.obj
 0001:0000b82e       ?IsKindOf@CObject@@QBEHPBUCRuntimeClass@@@Z 1000c82e f   nafxcw:objcore.obj
 0001:0000b84c       ?AfxClassInit@@YGXPAUCRuntimeClass@@@Z 1000c84c f   nafxcw:objcore.obj
 0001:0000b877       ??1?$CThreadLocal@VAFX_MODULE_THREAD_STATE@@@@QAE@XZ 1000c877 f i nafxcw:afxstate.obj
 0001:0000b87c       ?_AfxInitContextAPI@@YGXXZ 1000c87c f   nafxcw:afxstate.obj
 0001:0000b8ea       ?AfxCreateActCtxW@@YGPAXPBUtagACTCTXW@@@Z 1000c8ea f   nafxcw:afxstate.obj
 0001:0000b902       ?AfxReleaseActCtx@@YGXPAX@Z 1000c902 f   nafxcw:afxstate.obj
 0001:0000b917       ?AfxActivateActCtx@@YGHPAXPAK@Z 1000c917 f   nafxcw:afxstate.obj
 0001:0000b92e       ?AfxDeactivateActCtx@@YGHKK@Z 1000c92e f   nafxcw:afxstate.obj
 0001:0000b945       ?AfxActivateActCtxWrapper@@YG?AW4eActCtxResult@@PAXPAK@Z 1000c945 f   nafxcw:afxstate.obj
 0001:0000b978       ?CreateActivationContext@AFX_MODULE_STATE@@QAEXXZ 1000c978 f   nafxcw:afxstate.obj
 0001:0000ba74       ?Unlock@CTypeLibCache@@QAEXXZ 1000ca74 f   nafxcw:afxstate.obj
 0001:0000baab       ?AfxGetPerUserRegistration@@YGHXZ 1000caab f   nafxcw:afxstate.obj
 0001:0000bab1       ??0_AFX_THREAD_STATE@@QAE@XZ 1000cab1 f   nafxcw:afxstate.obj
 0001:0000baca       ??1_AFX_THREAD_STATE@@UAE@XZ 1000caca f   nafxcw:afxstate.obj
 0001:0000bb01       ??1AFX_MODULE_THREAD_STATE@@UAE@XZ 1000cb01 f   nafxcw:afxstate.obj
 0001:0000bbaf       ??_G_AFX_THREAD_STATE@@UAEPAXI@Z 1000cbaf f i nafxcw:afxstate.obj
 0001:0000bbaf       ??_E_AFX_THREAD_STATE@@UAEPAXI@Z 1000cbaf f i nafxcw:afxstate.obj
 0001:0000bbcf       ??0AFX_MODULE_THREAD_STATE@@QAE@XZ 1000cbcf f   nafxcw:afxstate.obj
 0001:0000bbf9       ??_EAFX_MODULE_THREAD_STATE@@UAEPAXI@Z 1000cbf9 f i nafxcw:afxstate.obj
 0001:0000bbf9       ??_GAFX_MODULE_THREAD_STATE@@UAEPAXI@Z 1000cbf9 f i nafxcw:afxstate.obj
 0001:0000bc19       ?AfxGetThreadState@@YGPAV_AFX_THREAD_STATE@@XZ 1000cc19 f   nafxcw:afxstate.obj
 0001:0000bc32       ??1AFX_MODULE_STATE@@UAE@XZ 1000cc32 f   nafxcw:afxstate.obj
 0001:0000bcd5       ??0CDllIsolationWrapperBase@@QAE@ABV?$CStringT@DV?$StrTraitMFC@DV?$ChTraitsCRT@D@ATL@@@@@ATL@@@Z 1000ccd5 f i nafxcw:afxstate.obj
 0001:0000bcfd       ??1CDllIsolationWrapperBase@@UAE@XZ 1000ccfd f i nafxcw:afxstate.obj
 0001:0000bd23       ??_ECShellWrapper@@UAEPAXI@Z 1000cd23 f i nafxcw:afxstate.obj
 0001:0000bd23       ??_GCCommDlgWrapper@@UAEPAXI@Z 1000cd23 f i nafxcw:afxstate.obj
 0001:0000bd23       ??_ECCommDlgWrapper@@UAEPAXI@Z 1000cd23 f i nafxcw:afxstate.obj
 0001:0000bd23       ??_ECComCtlWrapper@@UAEPAXI@Z 1000cd23 f i nafxcw:afxstate.obj
 0001:0000bd23       ??_GCDllIsolationWrapperBase@@UAEPAXI@Z 1000cd23 f i nafxcw:afxstate.obj
 0001:0000bd23       ??_ECDllIsolationWrapperBase@@UAEPAXI@Z 1000cd23 f i nafxcw:afxstate.obj
 0001:0000bd23       ??_GCShellWrapper@@UAEPAXI@Z 1000cd23 f i nafxcw:afxstate.obj
 0001:0000bd23       ??_GCComCtlWrapper@@UAEPAXI@Z 1000cd23 f i nafxcw:afxstate.obj
 0001:0000bd43       ??_E_AFX_BASE_MODULE_STATE@@UAEPAXI@Z 1000cd43 f i nafxcw:afxstate.obj
 0001:0000bd43       ??_G_AFX_BASE_MODULE_STATE@@UAEPAXI@Z 1000cd43 f i nafxcw:afxstate.obj
 0001:0000bd43       ??_GAFX_MODULE_STATE@@UAEPAXI@Z 1000cd43 f i nafxcw:afxstate.obj
 0001:0000bd43       ??_EAFX_MODULE_STATE@@UAEPAXI@Z 1000cd43 f i nafxcw:afxstate.obj
 0001:0000bd63       ??0CComCtlWrapper@@QAE@XZ  1000cd63 f i nafxcw:afxstate.obj
 0001:0000bf87       ??0CCommDlgWrapper@@QAE@XZ 1000cf87 f i nafxcw:afxstate.obj
 0001:0000c00a       ??0CShellWrapper@@QAE@XZ   1000d00a f i nafxcw:afxstate.obj
 0001:0000c051       ??0AFX_MODULE_STATE@@QAE@H@Z 1000d051 f   nafxcw:afxstate.obj
 0001:0000c18c       ??0_AFX_BASE_MODULE_STATE@@QAE@XZ 1000d18c f i nafxcw:afxstate.obj
 0001:0000c1a2       ?CreateObject@?$CProcessLocal@V_AFX_BASE_MODULE_STATE@@@@SGPAVCNoTrackObject@@XZ 1000d1a2 f i nafxcw:afxstate.obj
 0001:0000c1d1       ?AfxGetModuleState@@YGPAVAFX_MODULE_STATE@@XZ 1000d1d1 f   nafxcw:afxstate.obj
 0001:0000c204       ?AfxGetModuleThreadState@@YGPAVAFX_MODULE_THREAD_STATE@@XZ 1000d204 f   nafxcw:afxstate.obj
 0001:0000c21d       ??0AFX_MAINTAIN_STATE2@@QAE@PAVAFX_MODULE_STATE@@@Z 1000d21d f   nafxcw:afxstate.obj
 0001:0000c255       ??2CNoTrackObject@@SGPAXI@Z 1000d255 f   nafxcw:afxtls.obj
 0001:0000c272       ??3CNoTrackObject@@SGXPAX@Z 1000d272 f   nafxcw:afxtls.obj
 0001:0000c288       ?GetThreadValue@CThreadSlotData@@QAEPAXH@Z 1000d288 f i nafxcw:afxtls.obj
 0001:0000c2da       ?AssignInstance@CThreadSlotData@@QAEXPAUHINSTANCE__@@@Z 1000d2da f   nafxcw:afxtls.obj
 0001:0000c31f       ?GetDataNA@CThreadLocalObject@@QAEPAVCNoTrackObject@@XZ 1000d31f f   nafxcw:afxtls.obj
 0001:0000c339       ?GetData@CProcessLocalObject@@QAEPAVCNoTrackObject@@P6GPAV2@XZ@Z 1000d339 f   nafxcw:afxtls.obj
 0001:0000c389       ??1CProcessLocalObject@@QAE@XZ 1000d389 f   nafxcw:afxtls.obj
 0001:0000c3b2       ?AfxInitLocalData@@YGXPAUHINSTANCE__@@@Z 1000d3b2 f   nafxcw:afxtls.obj
 0001:0000c3cb       ?AfxTlsAddRef@@YGXXZ       1000d3cb f   nafxcw:afxtls.obj
 0001:0000c3d2       ?GetNextPtr@CSimpleList@@QBEPAPAXPAX@Z 1000d3d2 f i nafxcw:afxtls.obj
 0001:0000c3ec       ?AddHead@CSimpleList@@QAEXPAX@Z 1000d3ec f   nafxcw:afxtls.obj
 0001:0000c40a       ?Remove@CSimpleList@@QAEHPAX@Z 1000d40a f   nafxcw:afxtls.obj
 0001:0000c47b       ?AllocSlot@CThreadSlotData@@QAEHXZ 1000d47b f   nafxcw:afxtls.obj
 0001:0000c593       ??0CThreadSlotData@@QAE@XZ 1000d593 f   nafxcw:afxtls.obj
 0001:0000c5d2       ?FreeSlot@CThreadSlotData@@QAEXH@Z 1000d5d2 f   nafxcw:afxtls.obj
 0001:0000c63a       ?SetValue@CThreadSlotData@@QAEXHPAX@Z 1000d63a f   nafxcw:afxtls.obj
 0001:0000c76f       ??_GCThreadData@@UAEPAXI@Z 1000d76f f i nafxcw:afxtls.obj
 0001:0000c76f       ??_ECThreadData@@UAEPAXI@Z 1000d76f f i nafxcw:afxtls.obj
 0001:0000c78a       ?DeleteValues@CThreadSlotData@@QAEXPAUCThreadData@@PAUHINSTANCE__@@@Z 1000d78a f   nafxcw:afxtls.obj
 0001:0000c821       ?DeleteValues@CThreadSlotData@@QAEXPAUHINSTANCE__@@H@Z 1000d821 f   nafxcw:afxtls.obj
 0001:0000c87d       ?GetData@CThreadLocalObject@@QAEPAVCNoTrackObject@@P6GPAV2@XZ@Z 1000d87d f   nafxcw:afxtls.obj
 0001:0000c907       ??1CThreadLocalObject@@QAE@XZ 1000d907 f   nafxcw:afxtls.obj
 0001:0000c927       ?AfxTermLocalData@@YGXPAUHINSTANCE__@@H@Z 1000d927 f   nafxcw:afxtls.obj
 0001:0000c940       ??1CThreadSlotData@@QAE@XZ 1000d940 f   nafxcw:afxtls.obj
 0001:0000c999       ??_GCThreadSlotData@@QAEPAXI@Z 1000d999 f i nafxcw:afxtls.obj
 0001:0000c9ba       ?AfxTlsRelease@@YGXXZ      1000d9ba f   nafxcw:afxtls.obj
 0001:0000c9e4       ?AfxCriticalInit@@YGHXZ    1000d9e4 f   nafxcw:afxcrit.obj
 0001:0000ca08       ?AfxCriticalTerm@@YGXXZ    1000da08 f   nafxcw:afxcrit.obj
 0001:0000ca4d       ?AfxLockGlobals@@YGXH@Z    1000da4d f   nafxcw:afxcrit.obj
 0001:0000cabf       ?AfxUnlockGlobals@@YGXH@Z  1000dabf f   nafxcw:afxcrit.obj
 0001:0000cae4       ?AfxLockTempMaps@@YGXXZ    1000dae4 f   nafxcw:winhand.obj
 0001:0000caed       ??0CHandleMap@@QAE@PAUCRuntimeClass@@P6GXPAVCObject@@@Z2IH@Z 1000daed f   nafxcw:winhand.obj
 0001:0000cb76       ?FromHandle@CHandleMap@@QAEPAVCObject@@PAX@Z 1000db76 f   nafxcw:winhand.obj
 0001:0000cc29       ?DeleteTemp@CHandleMap@@QAEXXZ 1000dc29 f   nafxcw:winhand.obj
 0001:0000cc8e       ??1CHandleMap@@UAE@XZ      1000dc8e f i nafxcw:winhand.obj
 0001:0000ccdb       ??_ECHandleMap@@UAEPAXI@Z  1000dcdb f i nafxcw:winhand.obj
 0001:0000ccdb       ??_GCHandleMap@@UAEPAXI@Z  1000dcdb f i nafxcw:winhand.obj
 0001:0000ccfc       ?AfxUnlockTempMaps@@YGHH@Z 1000dcfc f   nafxcw:winhand.obj
 0001:0000cdf7       ??0?$CStringT@DV?$StrTraitMFC@DV?$ChTraitsCRT@D@ATL@@@@@ATL@@QAE@PBDPAUIAtlStringMgr@1@@Z 1000ddf7 f i nafxcw:appterm.obj
 0001:0000ce36       ?Tokenize@?$CStringT@DV?$StrTraitMFC@DV?$ChTraitsCRT@D@ATL@@@@@ATL@@QBE?AV12@PBDAAH@Z 1000de36 f i nafxcw:appterm.obj
 0001:0000ceeb       ?AfxUnregisterWndClasses@@YGXXZ 1000deeb f   nafxcw:appterm.obj
 0001:0000cf8a       ?AfxWinTerm@@YGXXZ         1000df8a f   nafxcw:appterm.obj
 0001:0000d000       ?AfxGetFileName@@YGIPBDPADI@Z 1000e000 f   nafxcw:appinit.obj
 0001:0000d040       ?SetCurrentHandles@CWinApp@@QAEXXZ 1000e040 f   nafxcw:appinit.obj
 0001:0000d1c6       ?AfxWinInit@@YGHPAUHINSTANCE__@@0PADH@Z 1000e1c6 f   nafxcw:appinit.obj
 0001:0000d24d       ?GetAt@?$CArray@W4LoadArrayObjType@CArchive@@ABW412@@@QAEAAW4LoadArrayObjType@CArchive@@H@Z 1000e24d f i nafxcw:arcobj.obj
 0001:0000d26e       ?GetAt@CPtrArray@@QBEPAXH@Z 1000e26e f i nafxcw:arcobj.obj
 0001:0000d28f       ?CheckCount@CArchive@@QAEXXZ 1000e28f f   nafxcw:arcobj.obj
 0001:0000d2a3       ??0?$CArray@W4LoadArrayObjType@CArchive@@ABW412@@@QAE@XZ 1000e2a3 f i nafxcw:arcobj.obj
 0001:0000d2ba       ?EnsureRead@CArchive@@QAEXPAXI@Z 1000e2ba f i nafxcw:arcobj.obj
 0001:0000d2dc       ?SetSize@?$CArray@W4LoadArrayObjType@CArchive@@ABW412@@@QAEXHH@Z 1000e2dc f i nafxcw:arcobj.obj
 0001:0000d417       ?InsertAt@?$CArray@W4LoadArrayObjType@CArchive@@ABW412@@@QAEXHABW4LoadArrayObjType@CArchive@@H@Z 1000e417 f i nafxcw:arcobj.obj
 0001:0000d4b7       ??1?$CArray@W4LoadArrayObjType@CArchive@@ABW412@@@UAE@XZ 1000e4b7 f i nafxcw:arcobj.obj
 0001:0000d4cc       ??_G?$CArray@W4LoadArrayObjType@CArchive@@ABW412@@@UAEPAXI@Z 1000e4cc f i nafxcw:arcobj.obj
 0001:0000d4cc       ??_E?$CArray@W4LoadArrayObjType@CArchive@@ABW412@@@UAEPAXI@Z 1000e4cc f i nafxcw:arcobj.obj
 0001:0000d4ed       ??$SerializeElements@W4LoadArrayObjType@CArchive@@@@YGXAAVCArchive@@PAW4LoadArrayObjType@0@H@Z 1000e4ed f i nafxcw:arcobj.obj
 0001:0000d575       ??6CArchive@@QAEAAV0@G@Z   1000e575 f i nafxcw:arcobj.obj
 0001:0000d5b4       ??6CArchive@@QAEAAV0@K@Z   1000e5b4 f i nafxcw:arcobj.obj
 0001:0000d5f2       ??5CArchive@@QAEAAV0@AAG@Z 1000e5f2 f i nafxcw:arcobj.obj
 0001:0000d63a       ??5CArchive@@QAEAAV0@AAK@Z 1000e63a f i nafxcw:arcobj.obj
 0001:0000d681       ?EnsureSchemaMapExists@CArchive@@QAEXPAPAV?$CArray@W4LoadArrayObjType@CArchive@@ABW412@@@@Z 1000e681 f   nafxcw:arcobj.obj
 0001:0000d755       ?MapObject@CArchive@@QAEXPBVCObject@@@Z 1000e755 f   nafxcw:arcobj.obj
 0001:0000d894       ?WriteClass@CArchive@@QAEXPBUCRuntimeClass@@@Z 1000e894 f   nafxcw:arcobj.obj
 0001:0000d943       ?ReadClass@CArchive@@QAEPAUCRuntimeClass@@PBU2@PAIPAK@Z 1000e943 f   nafxcw:arcobj.obj
 0001:0000db37       ?Serialize@?$CArray@W4LoadArrayObjType@CArchive@@ABW412@@@UAEXAAVCArchive@@@Z 1000eb37 f i nafxcw:arcobj.obj
 0001:0000db79       ?WriteObject@CArchive@@QAEXPBVCObject@@@Z 1000eb79 f   nafxcw:arcobj.obj
 0001:0000dc15       ?ReadObject@CArchive@@QAEPAVCObject@@PBUCRuntimeClass@@@Z 1000ec15 f   nafxcw:arcobj.obj
 0001:0000dd6f       ?Read@CArchive@@QAEIPAXI@Z 1000ed6f f   nafxcw:arccore.obj
 0001:0000dea0       ?Flush@CArchive@@QAEXXZ    1000eea0 f   nafxcw:arccore.obj
 0001:0000df18       ?FillBuffer@CArchive@@QAEXI@Z 1000ef18 f   nafxcw:arccore.obj
 0001:0000e007       ??6CArchive@@QAEAAV0@E@Z   1000f007 f i nafxcw:arccore.obj
 0001:0000e042       ??6CArchive@@QAEAAV0@_K@Z  1000f042 f i nafxcw:arccore.obj
 0001:0000e086       ??5CArchive@@QAEAAV0@AAE@Z 1000f086 f i nafxcw:arccore.obj
 0001:0000e0ca       ??5CArchive@@QAEAAV0@AA_K@Z 1000f0ca f i nafxcw:arccore.obj
 0001:0000e117       ?AfxReadStringLength@@YGIAAVCArchive@@AAH@Z 1000f117 f   nafxcw:arccore.obj
 0001:0000e1c8       ?AfxWriteStringLength@@YGXAAVCArchive@@IH@Z 1000f1c8 f   nafxcw:arccore.obj
 0001:0000e24c       ?FromName@CRuntimeClass@@SGPAU1@PBD@Z 1000f24c f   nafxcw:arccore.obj
 0001:0000e29e       ?Load@CRuntimeClass@@SGPAU1@AAVCArchive@@PAI@Z 1000f29e f   nafxcw:arccore.obj
 0001:0000e315       ?Write@CArchive@@QAEXPBXI@Z 1000f315 f   nafxcw:arccore.obj
 0001:0000e3dc       ?WriteCount@CArchive@@QAEXK@Z 1000f3dc f   nafxcw:arccore.obj
 0001:0000e40d       ?ReadCount@CArchive@@QAEKXZ 1000f40d f   nafxcw:arccore.obj
 0001:0000e441       ?Store@CRuntimeClass@@QBEXAAVCArchive@@@Z 1000f441 f   nafxcw:arccore.obj
 0001:0000e47e       ?GetRuntimeClass@CArchiveException@@UBEPAUCRuntimeClass@@XZ 1000f47e f   nafxcw:arcex.obj
 0001:0000e484       ?GetErrorMessage@CArchiveException@@UBEHPADIPAI@Z 1000f484 f   nafxcw:arcex.obj
 0001:0000e535       ??0CArchiveException@@QAE@HPBD@Z 1000f535 f i nafxcw:arcex.obj
 0001:0000e579       ??_ECArchiveException@@UAEPAXI@Z 1000f579 f i nafxcw:arcex.obj
 0001:0000e579       ??_GCArchiveException@@UAEPAXI@Z 1000f579 f i nafxcw:arcex.obj
 0001:0000e5a6       ?AfxThrowArchiveException@@YGXHPBD@Z 1000f5a6 f   nafxcw:arcex.obj
 0001:0000e5e9       ?GetInterface@CCmdTarget@@QAEPAUIUnknown@@PBX@Z 1000f5e9 f   nafxcw:oleunk.obj
 0001:0000e69c       ?QueryAggregates@CCmdTarget@@QAEPAUIUnknown@@PBX@Z 1000f69c f   nafxcw:oleunk.obj
 0001:0000e6fe       ??1AFX_MAINTAIN_STATE2@@QAE@XZ 1000f6fe f i nafxcw:oleunk.obj
 0001:0000e70e       ?ExternalAddRef@CCmdTarget@@QAEKXZ 1000f70e f   nafxcw:oleunk.obj
 0001:0000e729       ?InternalRelease@CCmdTarget@@QAEKXZ 1000f729 f   nafxcw:oleunk.obj
 0001:0000e77f       ?ExternalRelease@CCmdTarget@@QAEKXZ 1000f77f f   nafxcw:oleunk.obj
 0001:0000e794       ?InternalQueryInterface@CCmdTarget@@QAEKPBXPAPAX@Z 1000f794 f   nafxcw:oleunk.obj
 0001:0000e7d7       ?ExternalQueryInterface@CCmdTarget@@QAEKPBXPAPAX@Z 1000f7d7 f   nafxcw:oleunk.obj
 0001:0000e7fa       ?UpdateSysColors@AUX_DATA@@QAEXXZ 1000f7fa f   nafxcw:auxdata.obj
 0001:0000e840       ?UpdateSysMetrics@AUX_DATA@@QAEXXZ 1000f840 f   nafxcw:auxdata.obj
 0001:0000e89c       ??0AUX_DATA@@QAE@XZ        1000f89c f   nafxcw:auxdata.obj
 0001:0000e8e5       ??1AUX_DATA@@QAE@XZ        1000f8e5 f   nafxcw:auxdata.obj
 0001:0000e9aa       ?AfxIsValidString@@YGHPBDH@Z 1000f9aa f   nafxcw:validadd.obj
 0001:0000e9bb       ?GetAppRegistryKey@CWinApp@@QAEPAUHKEY__@@XZ 1000f9bb f   nafxcw:appui3.obj
 0001:0000ea4e       ?GetSectionKey@CWinApp@@QAEPAUHKEY__@@PBD@Z 1000fa4e f   nafxcw:appui3.obj
 0001:0000ea96       ?WriteProfileInt@CWinApp@@QAEHPBD0H@Z 1000fa96 f   nafxcw:appui3.obj
 0001:0000eb1f       ?SetAttribDC@CDC@@UAEXPAUHDC__@@@Z 1000fb1f f   nafxcw:wingdi.obj
 0001:0000eb2e       ?SetOutputDC@CDC@@UAEXPAUHDC__@@@Z 1000fb2e f   nafxcw:wingdi.obj
 0001:0000eb3d       ?ReleaseAttribDC@CDC@@UAEXXZ 1000fb3d f   nafxcw:wingdi.obj
 0001:0000eb42       ?ReleaseOutputDC@CDC@@UAEXXZ 1000fb42 f   nafxcw:wingdi.obj
 0001:0000eb47       ?SaveDC@CDC@@UAEHXZ        1000fb47 f   nafxcw:wingdi.obj
 0001:0000eb7a       ?RestoreDC@CDC@@UAEHH@Z    1000fb7a f   nafxcw:wingdi.obj
 0001:0000ebbc       ?SetBkColor@CDC@@UAEKK@Z   1000fbbc f   nafxcw:wingdi.obj
 0001:0000ebef       ?SetTextColor@CDC@@UAEKK@Z 1000fbef f   nafxcw:wingdi.obj
 0001:0000ec22       ?SetMapMode@CDC@@UAEHH@Z   1000fc22 f   nafxcw:wingdi.obj
 0001:0000ec54       ?GetClipBox@CDC@@UBEHPAUtagRECT@@@Z 1000fc54 f   nafxcw:wingdi.obj
 0001:0000ec69       ?GetRuntimeClass@CResourceException@@UBEPAUCRuntimeClass@@XZ 1000fc69 f   nafxcw:wingdi.obj
 0001:0000ec6f       ?GetRuntimeClass@CUserException@@UBEPAUCRuntimeClass@@XZ 1000fc6f f   nafxcw:wingdi.obj
 0001:0000ec75       ?GetRuntimeClass@CDC@@UBEPAUCRuntimeClass@@XZ 1000fc75 f   nafxcw:wingdi.obj
 0001:0000ec7b       ?GetRuntimeClass@CGdiObject@@UBEPAUCRuntimeClass@@XZ 1000fc7b f   nafxcw:wingdi.obj
 0001:0000ec81       ?AfxThrowUserException@@YGXXZ 1000fc81 f   nafxcw:wingdi.obj
 0001:0000ec9d       ??3CObject@@SGXPAX0@Z      1000fc9d f i nafxcw:wingdi.obj
 0001:0000ecaf       ?SetPermanent@CHandleMap@@QAEXPAXPAVCObject@@@Z 1000fcaf f i nafxcw:wingdi.obj
 0001:0000ecc8       ??0CDC@@QAE@XZ             1000fcc8 f   nafxcw:wingdi.obj
 0001:0000ecdc       ?PtVisible@CDC@@UBEHHH@Z   1000fcdc f i nafxcw:wingdi.obj
 0001:0000ecf4       ?RectVisible@CDC@@UBEHPBUtagRECT@@@Z 1000fcf4 f i nafxcw:wingdi.obj
 0001:0000ed09       ?TextOutA@CDC@@UAEHHHPBDH@Z 1000fd09 f i nafxcw:wingdi.obj
 0001:0000ed27       ?ExtTextOutA@CDC@@UAEHHHIPBUtagRECT@@PBDIPAH@Z 1000fd27 f i nafxcw:wingdi.obj
 0001:0000ed4e       ?TabbedTextOutA@CDC@@UAE?AVCSize@@HHPBDHHPAHH@Z 1000fd4e f i nafxcw:wingdi.obj
 0001:0000ed86       ?DrawTextA@CDC@@UAEHPBDHPAUtagRECT@@I@Z 1000fd86 f i nafxcw:wingdi.obj
 0001:0000eda4       ?DrawTextExA@CDC@@UAEHPADHPAUtagRECT@@IPAUtagDRAWTEXTPARAMS@@@Z 1000fda4 f i nafxcw:wingdi.obj
 0001:0000edc5       ?GrayStringA@CDC@@UAEHPAVCBrush@@P6GHPAUHDC__@@JH@ZJHHHHH@Z 1000fdc5 f i nafxcw:wingdi.obj
 0001:0000edf7       ?Escape@CDC@@UAEHHHPBDPAX@Z 1000fdf7 f i nafxcw:wingdi.obj
 0001:0000ee15       ?SetViewportOrg@CDC@@UAE?AVCPoint@@HH@Z 1000fe15 f   nafxcw:wingdi.obj
 0001:0000ee54       ?OffsetViewportOrg@CDC@@UAE?AVCPoint@@HH@Z 1000fe54 f   nafxcw:wingdi.obj
 0001:0000ee93       ?SetViewportExt@CDC@@UAE?AVCSize@@HH@Z 1000fe93 f   nafxcw:wingdi.obj
 0001:0000eed2       ?ScaleViewportExt@CDC@@UAE?AVCSize@@HHHH@Z 1000fed2 f   nafxcw:wingdi.obj
 0001:0000ef1d       ?SetWindowExt@CDC@@UAE?AVCSize@@HH@Z 1000ff1d f   nafxcw:wingdi.obj
 0001:0000ef5c       ?ScaleWindowExt@CDC@@UAE?AVCSize@@HHHH@Z 1000ff5c f   nafxcw:wingdi.obj
 0001:0000efa7       ?CreateObject@CDC@@SGPAVCObject@@XZ 1000ffa7 f   nafxcw:wingdi.obj
 0001:0000efc8       ?CreateObject@CGdiObject@@SGPAVCObject@@XZ 1000ffc8 f   nafxcw:wingdi.obj
 0001:0000efe2       ?Construct@?$ConstructDestruct@VCDC@@@@SGXPAVCObject@@@Z 1000ffe2 f i nafxcw:wingdi.obj
 0001:0000f003       ?Construct@?$ConstructDestruct@VCGdiObject@@@@SGXPAVCObject@@@Z 10010003 f i nafxcw:wingdi.obj
 0001:0000f01d       ?afxMapHDC@@YGPAVCHandleMap@@H@Z 1001001d f   nafxcw:wingdi.obj
 0001:0000f091       ?FromHandle@CDC@@SGPAV1@PAUHDC__@@@Z 10010091 f   nafxcw:wingdi.obj
 0001:0000f0a5       ?Detach@CDC@@QAEPAUHDC__@@XZ 100100a5 f   nafxcw:wingdi.obj
 0001:0000f0d8       ??1CDC@@UAE@XZ             100100d8 f   nafxcw:wingdi.obj
 0001:0000f0f1       ?afxMapHGDIOBJ@@YGPAVCHandleMap@@H@Z 100100f1 f   nafxcw:wingdi.obj
 0001:0000f165       ?FromHandle@CGdiObject@@SGPAV1@PAX@Z 10010165 f   nafxcw:wingdi.obj
 0001:0000f179       ?Detach@CGdiObject@@QAEPAXXZ 10010179 f   nafxcw:wingdi.obj
 0001:0000f1a5       ?DeleteObject@CGdiObject@@QAEHXZ 100101a5 f   nafxcw:wingdi.obj
 0001:0000f1bb       ??_GCDC@@UAEPAXI@Z         100101bb f i nafxcw:wingdi.obj
 0001:0000f1bb       ??_ECDC@@UAEPAXI@Z         100101bb f i nafxcw:wingdi.obj
 0001:0000f1dc       ?SelectStockObject@CDC@@UAEPAVCGdiObject@@H@Z 100101dc f   nafxcw:wingdi.obj
 0001:0000f21d       ?SelectObject@CDC@@UAEPAVCFont@@PAV2@@Z 1001021d f   nafxcw:wingdi.obj
 0001:0000f268       ??1CGdiObject@@UAE@XZ      10010268 f i nafxcw:wingdi.obj
 0001:0000f32d       ??_GCGdiObject@@UAEPAXI@Z  1001032d f i nafxcw:wingdi.obj
 0001:0000f32d       ??_ECGdiObject@@UAEPAXI@Z  1001032d f i nafxcw:wingdi.obj
 0001:0000f34e       ?AfxSetWindowText@@YGXPAUHWND__@@PBD@Z 1001034e f   nafxcw:winutil.obj
 0001:0000f3e6       ?AfxDeleteObject@@YGXPAPAX@Z 100103e6 f   nafxcw:winutil.obj
 0001:0000f40d       ?AfxGlobalFree@@YGXPAX@Z   1001040d f   nafxcw:winutil.obj
 0001:0000f445       ?AfxCriticalNewHandler@@YAHI@Z 10010445 f   nafxcw:winutil.obj
 0001:0000f498       ?_AfxChildWindowFromPoint@@YGPAUHWND__@@PAU1@UtagPOINT@@@Z 10010498 f   nafxcw:winutil.obj
 0001:0000f50e       ?AfxOleCanExitApp@@YGHXZ   1001050e f   nafxcw:olelock.obj
 0001:0000f51e       ?AfxOleLockApp@@YGXXZ      1001051e f   nafxcw:olelock.obj
 0001:0000f52e       ?AfxOleSetUserCtrl@@YGXH@Z 1001052e f   nafxcw:olelock.obj
 0001:0000f542       ?AfxOleGetUserCtrl@@YGHXZ  10010542 f   nafxcw:olelock.obj
 0001:0000f54b       ?AfxOleOnReleaseAllObjects@@YGXXZ 1001054b f   nafxcw:olelock.obj
 0001:0000f597       ?AfxOleUnlockApp@@YGXXZ    10010597 f   nafxcw:olelock.obj
 0001:0000f5b0       _IsPlatformNT              100105b0 f   nafxcw:wincore.obj
 0001:0000f60a       _InitMultipleMonitorStubs  1001060a f   nafxcw:wincore.obj
 0001:0000f701       _xMonitorFromRect@8        10010701 f   nafxcw:wincore.obj
 0001:0000f752       _xMonitorFromWindow@8      10010752 f   nafxcw:wincore.obj
 0001:0000f7bf       _xGetMonitorInfo@8         100107bf f   nafxcw:wincore.obj
 0001:0000f85a       ?AtlIAccessibleInvokeHelper@ATL@@YGJPAUIAccessible@@JABU_GUID@@KGPAUtagDISPPARAMS@@PAUtagVARIANT@@PAUtagEXCEPINFO@@PAI@Z 1001085a f i nafxcw:wincore.obj
 0001:0000fe26       ?AtlIAccessibleGetIDsOfNamesHelper@ATL@@YGJABU_GUID@@PAPA_WIKPAJ@Z 10010e26 f i nafxcw:wincore.obj
 0001:0000fe88       ??0CWnd@@AAE@PAUHWND__@@@Z 10010e88 f   nafxcw:wincore.obj
 0001:0000fed3       ?GetMenu@CWnd@@UBEPAVCMenu@@XZ 10010ed3 f   nafxcw:wincore.obj
 0001:0000fee3       ?OnFinalRelease@CWnd@@UAEXXZ 10010ee3 f   nafxcw:wincore.obj
 0001:0000fef4       ?DefWindowProcA@CWnd@@MAEJIIJ@Z 10010ef4 f   nafxcw:wincore.obj
 0001:0000ff3d       ?GetSuperWndProcAddr@CWnd@@MAEPAP6GJPAUHWND__@@IIJ@ZXZ 10010f3d f   nafxcw:wincore.obj
 0001:0000ff41       ?PreTranslateMessage@CWnd@@UAEHPAUtagMSG@@@Z 10010f41 f   nafxcw:wincore.obj
 0001:0000ff62       ?OnToolHitTest@CWnd@@UBEHVCPoint@@PAUtagTOOLINFOA@@@Z 10010f62 f   nafxcw:wincore.obj
 0001:0000ffd5       ??1_AFX_HTMLHELP_STATE@@UAE@XZ 10010fd5 f   nafxcw:wincore.obj
 0001:0000ffea       ??_G_AFX_HTMLHELP_STATE@@UAEPAXI@Z 10010fea f i nafxcw:wincore.obj
 0001:0000ffea       ??_E_AFX_HTMLHELP_STATE@@UAEPAXI@Z 10010fea f i nafxcw:wincore.obj
 0001:0001000a       ?AfxFindMessageEntry@@YGPBUAFX_MSGMAP_ENTRY@@PBU1@III@Z 1001100a f   nafxcw:wincore.obj
 0001:0001004c       ?WindowProc@CWnd@@MAEJIIJ@Z 1001104c f   nafxcw:wincore.obj
 0001:00010092       ??0CTestCmdUI@@QAE@XZ      10011092 f   nafxcw:wincore.obj
 0001:000100ad       ?Enable@CTestCmdUI@@UAEXH@Z 100110ad f   nafxcw:wincore.obj
 0001:000100c3       ?SetText@CTestCmdUI@@UAEXPBD@Z 100110c3 f   nafxcw:wincore.obj
[...]
 0001:0002b088       __unwindfunclet$?GetParaAddr@CParaLuaImp@@QAEPADHPBDPADH@Z$1 1002c088 f    CIL library: CIL module
 0001:0002b090       __ehhandler$?GetParaAddr@CParaLuaImp@@QAEPADHPBDPADH@Z 1002c090 f    CIL library: CIL module
 0001:0002b0b0       __unwindfunclet$?GetParaAddr@CLuaParserMgr@@QAEPADHPBDPADH@Z$0 1002c0b0 f    CIL library: CIL module
 0001:0002b0b8       __ehhandler$?GetParaAddr@CLuaParserMgr@@QAEPADHPBDPADH@Z 1002c0b8 f    CIL library: CIL module
 0001:0002b0e0       __unwindfunclet$?GetDescViaSingleAddr@CDescLuaImp@@AAEPADPADHHPAU_TP_INFO_@@@Z$0 1002c0e0 f    CIL library: CIL module
 0001:0002b0e8       __unwindfunclet$?GetDescViaSingleAddr@CDescLuaImp@@AAEPADPADHHPAU_TP_INFO_@@@Z$1 1002c0e8 f    CIL library: CIL module
 0001:0002b0f0       __ehhandler$?GetDescViaSingleAddr@CDescLuaImp@@AAEPADPADHHPAU_TP_INFO_@@@Z 1002c0f0 f    CIL library: CIL module
 0001:0002b110       __unwindfunclet$?GetLuaDataViaDoubleAddr@CDataLuaImp@@AAENHPAU_TP_INFO_@@HPAD@Z$0 1002c110 f    CIL library: CIL module
 0001:0002b118       __unwindfunclet$?GetLuaDataViaDoubleAddr@CDataLuaImp@@AAENHPAU_TP_INFO_@@HPAD@Z$1 1002c118 f    CIL library: CIL module
 0001:0002b120       __ehhandler$?GetLuaDataViaDoubleAddr@CDataLuaImp@@AAENHPAU_TP_INFO_@@HPAD@Z 1002c120 f    CIL library: CIL module
 0001:0002b140       __unwindfunclet$?GetLuaDataViaSingleAddr@CDataLuaImp@@AAENHPAU_TP_INFO_@@@Z$0 1002c140 f    CIL library: CIL module
 0001:0002b148       __unwindfunclet$?GetLuaDataViaSingleAddr@CDataLuaImp@@AAENHPAU_TP_INFO_@@@Z$1 1002c148 f    CIL library: CIL module
 0001:0002b150       __ehhandler$?GetLuaDataViaSingleAddr@CDataLuaImp@@AAENHPAU_TP_INFO_@@@Z 1002c150 f    CIL library: CIL module
 0001:0002b170       __unwindfunclet$?InitGlobalOpr@CBaseLuaParse@@MAEHPAUlua_State@@PAD@Z$0 1002c170 f    CIL library: CIL module
 0001:0002b178       __unwindfunclet$?InitGlobalOpr@CBaseLuaParse@@MAEHPAUlua_State@@PAD@Z$1 1002c178 f    CIL library: CIL module
 0001:0002b180       __ehhandler$?InitGlobalOpr@CBaseLuaParse@@MAEHPAUlua_State@@PAD@Z 1002c180 f    CIL library: CIL module
 0001:0002b1a0       __unwindfunclet$?GetInitOprList@CBaseLuaParse@@MAEHPAUlua_State@@PADAAV?$vector@V?$basic_string@DU?$char_traits@D@std@@V?$allocator@D@2@@std@@V?$allocator@V?$basic_string@DU?$char_traits@D@std@@V?$allocator@D@2@@std@@@2@@std@@@Z$2 1002c1a0 f    CIL library: CIL module
 0001:0002b1a8       __unwindfunclet$?GetInitOprList@CBaseLuaParse@@MAEHPAUlua_State@@PADAAV?$vector@V?$basic_string@DU?$char_traits@D@std@@V?$allocator@D@2@@std@@V?$allocator@V?$basic_string@DU?$char_traits@D@std@@V?$allocator@D@2@@std@@@2@@std@@@Z$3 1002c1a8 f    CIL library: CIL module
 0001:0002b1b0       __ehhandler$?GetInitOprList@CBaseLuaParse@@MAEHPAUlua_State@@PADAAV?$vector@V?$basic_string@DU?$char_traits@D@std@@V?$allocator@D@2@@std@@V?$allocator@V?$basic_string@DU?$char_traits@D@std@@V?$allocator@D@2@@std@@@2@@std@@@Z 1002c1b0 f    CIL library: CIL module
 0001:0002b1e0       __unwindfunclet$?InitLua@CBaseLuaParse@@UAEHPBDPADH@Z$0 1002c1e0 f    CIL library: CIL module
 0001:0002b1e8       __ehhandler$?InitLua@CBaseLuaParse@@UAEHPBDPADH@Z 1002c1e8 f    CIL library: CIL module
 0001:0002b210       __unwindfunclet$?OpenLua@CBaseLuaParse@@UAEPAUlua_State@@PBD@Z$0 1002c210 f    CIL library: CIL module
 0001:0002b21b       __ehhandler$?OpenLua@CBaseLuaParse@@UAEPAUlua_State@@PBD@Z 1002c21b f    CIL library: CIL module
 0001:0002b250       __unwindfunclet$?GetDescription@CLuaParserMgr@@QAEPADHPADHPAU_TP_INFO_@@H0@Z$0 1002c250 f    CIL library: CIL module
 0001:0002b258       __ehhandler$?GetDescription@CLuaParserMgr@@QAEPADHPADHPAU_TP_INFO_@@H0@Z 1002c258 f    CIL library: CIL module
 0001:0002b280       __unwindfunclet$?GetAddrData@CLuaParserMgr@@QAENHPAU_TP_INFO_@@HPAD@Z$0 1002c280 f    CIL library: CIL module
 0001:0002b288       __ehhandler$?GetAddrData@CLuaParserMgr@@QAENHPAU_TP_INFO_@@HPAD@Z 1002c288 f    CIL library: CIL module
 0001:0002b2b0       __unwindfunclet$??0?$CStringT@DV?$StrTraitMFC@DV?$ChTraitsCRT@D@ATL@@@@@ATL@@QAE@PBD@Z$0 1002c2b0 f    CIL library: CIL module
 0001:0002b2b8       __ehhandler$??0?$CStringT@DV?$StrTraitMFC@DV?$ChTraitsCRT@D@ATL@@@@@ATL@@QAE@PBD@Z 1002c2b8 f    CIL library: CIL module
 0001:0002b2e0       __unwindfunclet$?GetDigit@CParaLuaImp@@AAEJPBD@Z$0 1002c2e0 f    CIL library: CIL module
 0001:0002b2e8       __unwindfunclet$?GetDigit@CParaLuaImp@@AAEJPBD@Z$1 1002c2e8 f    CIL library: CIL module
 0001:0002b2f0       __ehhandler$?GetDigit@CParaLuaImp@@AAEJPBD@Z 1002c2f0 f    CIL library: CIL module
 0001:0002b310       __unwindfunclet$?_GetParaAddrInfo@CParaLuaImp@@AAEHHPBDAAU_TP_PARAMETER_T_@@@Z$11 1002c310 f    CIL library: CIL module
 0001:0002b31b       __unwindfunclet$?_GetParaAddrInfo@CParaLuaImp@@AAEHHPBDAAU_TP_PARAMETER_T_@@@Z$12 1002c31b f    CIL library: CIL module
 0001:0002b326       __unwindfunclet$?_GetParaAddrInfo@CParaLuaImp@@AAEHHPBDAAU_TP_PARAMETER_T_@@@Z$0 1002c326 f    CIL library: CIL module
 0001:0002b331       __unwindfunclet$?_GetParaAddrInfo@CParaLuaImp@@AAEHHPBDAAU_TP_PARAMETER_T_@@@Z$1 1002c331 f    CIL library: CIL module
 0001:0002b33c       __unwindfunclet$?_GetParaAddrInfo@CParaLuaImp@@AAEHHPBDAAU_TP_PARAMETER_T_@@@Z$2 1002c33c f    CIL library: CIL module
 0001:0002b347       __unwindfunclet$?_GetParaAddrInfo@CParaLuaImp@@AAEHHPBDAAU_TP_PARAMETER_T_@@@Z$3 1002c347 f    CIL library: CIL module
 0001:0002b352       __unwindfunclet$?_GetParaAddrInfo@CParaLuaImp@@AAEHHPBDAAU_TP_PARAMETER_T_@@@Z$4 1002c352 f    CIL library: CIL module
 0001:0002b374       __unwindfunclet$?_GetParaAddrInfo@CParaLuaImp@@AAEHHPBDAAU_TP_PARAMETER_T_@@@Z$5 1002c374 f    CIL library: CIL module
 0001:0002b396       __unwindfunclet$?_GetParaAddrInfo@CParaLuaImp@@AAEHHPBDAAU_TP_PARAMETER_T_@@@Z$6 1002c396 f    CIL library: CIL module
 0001:0002b3a1       __unwindfunclet$?_GetParaAddrInfo@CParaLuaImp@@AAEHHPBDAAU_TP_PARAMETER_T_@@@Z$7 1002c3a1 f    CIL library: CIL module
 0001:0002b3ac       __unwindfunclet$?_GetParaAddrInfo@CParaLuaImp@@AAEHHPBDAAU_TP_PARAMETER_T_@@@Z$8 1002c3ac f    CIL library: CIL module
 0001:0002b3b7       __unwindfunclet$?_GetParaAddrInfo@CParaLuaImp@@AAEHHPBDAAU_TP_PARAMETER_T_@@@Z$9 1002c3b7 f    CIL library: CIL module
 0001:0002b3d9       __unwindfunclet$?_GetParaAddrInfo@CParaLuaImp@@AAEHHPBDAAU_TP_PARAMETER_T_@@@Z$10 1002c3d9 f    CIL library: CIL module
 0001:0002b3fb       __ehhandler$?_GetParaAddrInfo@CParaLuaImp@@AAEHHPBDAAU_TP_PARAMETER_T_@@@Z 1002c3fb f    CIL library: CIL module
 0001:0002b430       __unwindfunclet$?GetDescViaDoubleAddr@CDescLuaImp@@AAEPADPADHHPAU_TP_INFO_@@H0@Z$0 1002c430 f    CIL library: CIL module
 0001:0002b430       __unwindfunclet$?GetParaAddr@CLuaParserMgr@@QAEHHPBDAAU_TP_PARAMETER_T_@@@Z$0 1002c430 f    CIL library: CIL module
 0001:0002b438       __ehhandler$?GetDescViaDoubleAddr@CDescLuaImp@@AAEPADPADHHPAU_TP_INFO_@@H0@Z 1002c438 f    CIL library: CIL module
 0001:0002b438       __ehhandler$?GetParaAddr@CLuaParserMgr@@QAEHHPBDAAU_TP_PARAMETER_T_@@@Z 1002c438 f    CIL library: CIL module
 0001:0002b460       __unwindfunclet$?LoadLuaScript@CLuaParserMgr@@QAEHPBD@Z$0 1002c460 f    CIL library: CIL module
 0001:0002b46b       __unwindfunclet$?LoadLuaScript@CLuaParserMgr@@QAEHPBD@Z$1 1002c46b f    CIL library: CIL module
 0001:0002b476       __unwindfunclet$?LoadLuaScript@CLuaParserMgr@@QAEHPBD@Z$2 1002c476 f    CIL library: CIL module
 0001:0002b481       __unwindfunclet$?LoadLuaScript@CLuaParserMgr@@QAEHPBD@Z$3 1002c481 f    CIL library: CIL module
 0001:0002b48c       __unwindfunclet$?LoadLuaScript@CLuaParserMgr@@QAEHPBD@Z$4 1002c48c f    CIL library: CIL module
 0001:0002b497       __unwindfunclet$?LoadLuaScript@CLuaParserMgr@@QAEHPBD@Z$5 1002c497 f    CIL library: CIL module
 0001:0002b4a2       __unwindfunclet$?LoadLuaScript@CLuaParserMgr@@QAEHPBD@Z$6 1002c4a2 f    CIL library: CIL module
 0001:0002b4ad       __unwindfunclet$?LoadLuaScript@CLuaParserMgr@@QAEHPBD@Z$7 1002c4ad f    CIL library: CIL module
 0001:0002b4b8       __unwindfunclet$?LoadLuaScript@CLuaParserMgr@@QAEHPBD@Z$8 1002c4b8 f    CIL library: CIL module
 0001:0002b4c3       __unwindfunclet$?LoadLuaScript@CLuaParserMgr@@QAEHPBD@Z$9 1002c4c3 f    CIL library: CIL module
 0001:0002b4ce       __unwindfunclet$?LoadLuaScript@CLuaParserMgr@@QAEHPBD@Z$10 1002c4ce f    CIL library: CIL module
 0001:0002b4d9       __unwindfunclet$?LoadLuaScript@CLuaParserMgr@@QAEHPBD@Z$11 1002c4d9 f    CIL library: CIL module
 0001:0002b4e4       __unwindfunclet$?LoadLuaScript@CLuaParserMgr@@QAEHPBD@Z$12 1002c4e4 f    CIL library: CIL module
 0001:0002b4ef       __unwindfunclet$?LoadLuaScript@CLuaParserMgr@@QAEHPBD@Z$13 1002c4ef f    CIL library: CIL module
 0001:0002b4fa       __unwindfunclet$?LoadLuaScript@CLuaParserMgr@@QAEHPBD@Z$14 1002c4fa f    CIL library: CIL module
 0001:0002b505       __unwindfunclet$?LoadLuaScript@CLuaParserMgr@@QAEHPBD@Z$15 1002c505 f    CIL library: CIL module
 0001:0002b510       __unwindfunclet$?LoadLuaScript@CLuaParserMgr@@QAEHPBD@Z$16 1002c510 f    CIL library: CIL module
 0001:0002b51b       __unwindfunclet$?LoadLuaScript@CLuaParserMgr@@QAEHPBD@Z$17 1002c51b f    CIL library: CIL module
 0001:0002b526       __unwindfunclet$?LoadLuaScript@CLuaParserMgr@@QAEHPBD@Z$18 1002c526 f    CIL library: CIL module
 0001:0002b531       __unwindfunclet$?LoadLuaScript@CLuaParserMgr@@QAEHPBD@Z$19 1002c531 f    CIL library: CIL module
 0001:0002b53c       __unwindfunclet$?LoadLuaScript@CLuaParserMgr@@QAEHPBD@Z$20 1002c53c f    CIL library: CIL module
 0001:0002b547       __unwindfunclet$?LoadLuaScript@CLuaParserMgr@@QAEHPBD@Z$21 1002c547 f    CIL library: CIL module
 0001:0002b552       __unwindfunclet$?LoadLuaScript@CLuaParserMgr@@QAEHPBD@Z$22 1002c552 f    CIL library: CIL module
 0001:0002b55d       __unwindfunclet$?LoadLuaScript@CLuaParserMgr@@QAEHPBD@Z$23 1002c55d f    CIL library: CIL module
 0001:0002b568       __unwindfunclet$?LoadLuaScript@CLuaParserMgr@@QAEHPBD@Z$24 1002c568 f    CIL library: CIL module
 0001:0002b573       __unwindfunclet$?LoadLuaScript@CLuaParserMgr@@QAEHPBD@Z$25 1002c573 f    CIL library: CIL module
 0001:0002b57e       __unwindfunclet$?LoadLuaScript@CLuaParserMgr@@QAEHPBD@Z$26 1002c57e f    CIL library: CIL module
 0001:0002b589       __unwindfunclet$?LoadLuaScript@CLuaParserMgr@@QAEHPBD@Z$27 1002c589 f    CIL library: CIL module
 0001:0002b594       __unwindfunclet$?LoadLuaScript@CLuaParserMgr@@QAEHPBD@Z$28 1002c594 f    CIL library: CIL module
 0001:0002b59f       __unwindfunclet$?LoadLuaScript@CLuaParserMgr@@QAEHPBD@Z$29 1002c59f f    CIL library: CIL module
 0001:0002b5aa       __unwindfunclet$?LoadLuaScript@CLuaParserMgr@@QAEHPBD@Z$30 1002c5aa f    CIL library: CIL module
 0001:0002b5b5       __unwindfunclet$?LoadLuaScript@CLuaParserMgr@@QAEHPBD@Z$31 1002c5b5 f    CIL library: CIL module
 0001:0002b5c0       __unwindfunclet$?LoadLuaScript@CLuaParserMgr@@QAEHPBD@Z$32 1002c5c0 f    CIL library: CIL module
 0001:0002b5cb       __unwindfunclet$?LoadLuaScript@CLuaParserMgr@@QAEHPBD@Z$33 1002c5cb f    CIL library: CIL module
 0001:0002b5d6       __unwindfunclet$?LoadLuaScript@CLuaParserMgr@@QAEHPBD@Z$34 1002c5d6 f    CIL library: CIL module
 0001:0002b5e1       __unwindfunclet$?LoadLuaScript@CLuaParserMgr@@QAEHPBD@Z$35 1002c5e1 f    CIL library: CIL module
 0001:0002b5ec       __unwindfunclet$?LoadLuaScript@CLuaParserMgr@@QAEHPBD@Z$36 1002c5ec f    CIL library: CIL module
 0001:0002b5f7       __unwindfunclet$?LoadLuaScript@CLuaParserMgr@@QAEHPBD@Z$37 1002c5f7 f    CIL library: CIL module
 0001:0002b602       __ehhandler$?LoadLuaScript@CLuaParserMgr@@QAEHPBD@Z 1002c602 f    CIL library: CIL module
 0001:0002b630       __unwindfunclet$??0CLuaParserMgr@@QAE@XZ$0 1002c630 f    CIL library: CIL module
 0001:0002b643       __unwindfunclet$??0CLuaParserMgr@@QAE@XZ$1 1002c643 f    CIL library: CIL module
 0001:0002b65b       __unwindfunclet$??0CLuaParserMgr@@QAE@XZ$2 1002c65b f    CIL library: CIL module
 0001:0002b673       __unwindfunclet$??0CLuaParserMgr@@QAE@XZ$3 1002c673 f    CIL library: CIL module
 0001:0002b681       __ehhandler$??0CLuaParserMgr@@QAE@XZ 1002c681 f    CIL library: CIL module
 0001:0002b6a0       __unwindfunclet$?SplitStr@@YAHPBDAAVCStringArray@@D@Z$0 1002c6a0 f    CIL library: CIL module
 0001:0002b6a0       __unwindfunclet$?SplitStr@CParaLuaImp@@AAEHPBDAAVCStringArray@@D@Z$0 1002c6a0 f    CIL library: CIL module
 0001:0002b6a8       __ehhandler$?SplitStr@@YAHPBDAAVCStringArray@@D@Z 1002c6a8 f    CIL library: CIL module
 0001:0002b6a8       __ehhandler$?SplitStr@CParaLuaImp@@AAEHPBDAAVCStringArray@@D@Z 1002c6a8 f    CIL library: CIL module
 0001:0002b6d0       __unwindfunclet$?SetFilterInfo@CDspLogParseImp@@AAEXPBD@Z$0 1002c6d0 f    CIL library: CIL module
 0001:0002b6d8       __unwindfunclet$?SetFilterInfo@CDspLogParseImp@@AAEXPBD@Z$1 1002c6d8 f    CIL library: CIL module
 0001:0002b6e0       __unwindfunclet$?SetFilterInfo@CDspLogParseImp@@AAEXPBD@Z$2 1002c6e0 f    CIL library: CIL module
 0001:0002b6e8       __unwindfunclet$?SetFilterInfo@CDspLogParseImp@@AAEXPBD@Z$3 1002c6e8 f    CIL library: CIL module
 0001:0002b6f0       __unwindfunclet$?SetFilterInfo@CDspLogParseImp@@AAEXPBD@Z$4 1002c6f0 f    CIL library: CIL module
 0001:0002b6f8       __unwindfunclet$?SetFilterInfo@CDspLogParseImp@@AAEXPBD@Z$5 1002c6f8 f    CIL library: CIL module
 0001:0002b700       __unwindfunclet$?SetFilterInfo@CDspLogParseImp@@AAEXPBD@Z$6 1002c700 f    CIL library: CIL module
 0001:0002b708       __ehhandler$?SetFilterInfo@CDspLogParseImp@@AAEXPBD@Z 1002c708 f    CIL library: CIL module
 0001:0002b730       __unwindfunclet$??0CDspLogParseImp@@QAE@XZ$0 1002c730 f    CIL library: CIL module
 0001:0002b738       __unwindfunclet$??0CDspLogParseImp@@QAE@XZ$1 1002c738 f    CIL library: CIL module
 0001:0002b745       __unwindfunclet$??0CDspLogParseImp@@QAE@XZ$3 1002c745 f    CIL library: CIL module
 0001:0002b74d       __unwindfunclet$??0CDspLogParseImp@@QAE@XZ$2 1002c74d f    CIL library: CIL module
 0001:0002b75b       __ehhandler$??0CDspLogParseImp@@QAE@XZ 1002c75b f    CIL library: CIL module
 0001:0002b780       __unwindfunclet$??__F?m_set_lua_path@CBaseLuaParse@@1V?$set@V?$basic_string@DU?$char_traits@D@std@@V?$allocator@D@2@@std@@U?$less@V?$basic_string@DU?$char_traits@D@std@@V?$allocator@D@2@@std@@@2@V?$allocator@V?$basic_string@DU?$char_traits@D@std@@V?$allocator@D@2@@std@@@2@@std@@A@@YAXXZ$1 1002c780 f    CIL library: CIL module
 0001:0002b78a       __ehhandler$??__F?m_set_lua_path@CBaseLuaParse@@1V?$set@V?$basic_string@DU?$char_traits@D@std@@V?$allocator@D@2@@std@@U?$less@V?$basic_string@DU?$char_traits@D@std@@V?$allocator@D@2@@std@@@2@V?$allocator@V?$basic_string@DU?$char_traits@D@std@@V?$allocator@D@2@@std@@@2@@std@@A@@YAXXZ 1002c78a f    CIL library: CIL module
 0001:0002b7b0       __unwindfunclet$??__F?m_set_c_path@CBaseLuaParse@@1V?$set@V?$basic_string@DU?$char_traits@D@std@@V?$allocator@D@2@@std@@U?$less@V?$basic_string@DU?$char_traits@D@std@@V?$allocator@D@2@@std@@@2@V?$allocator@V?$basic_string@DU?$char_traits@D@std@@V?$allocator@D@2@@std@@@2@@std@@A@@YAXXZ$1 1002c7b0 f    CIL library: CIL module
 0001:0002b7ba       __ehhandler$??__F?m_set_c_path@CBaseLuaParse@@1V?$set@V?$basic_string@DU?$char_traits@D@std@@V?$allocator@D@2@@std@@U?$less@V?$basic_string@DU?$char_traits@D@std@@V?$allocator@D@2@@std@@@2@V?$allocator@V?$basic_string@DU?$char_traits@D@std@@V?$allocator@D@2@@std@@@2@@std@@A@@YAXXZ 1002c7ba f    CIL library: CIL module
 0001:0002b7e0       ??__EtheApp@@YAXXZ         1002c7e0 f    CIL library: CIL module
 0001:0002b810       ??__E?m_set_lua_path@CBaseLuaParse@@1V?$set@V?$basic_string@DU?$char_traits@D@std@@V?$allocator@D@2@@std@@U?$less@V?$basic_string@DU?$char_traits@D@std@@V?$allocator@D@2@@std@@@2@V?$allocator@V?$basic_string@DU?$char_traits@D@std@@V?$allocator@D@2@@std@@@2@@std@@A@@YAXXZ 1002c810 f    CIL library: CIL module
 0001:0002b830       ??__E?m_set_c_path@CBaseLuaParse@@1V?$set@V?$basic_string@DU?$char_traits@D@std@@V?$allocator@D@2@@std@@U?$less@V?$basic_string@DU?$char_traits@D@std@@V?$allocator@D@2@@std@@@2@V?$allocator@V?$basic_string@DU?$char_traits@D@std@@V?$allocator@D@2@@std@@@2@@std@@A@@YAXXZ 1002c830 f    CIL library: CIL module
 0001:0002b846       ??__E_afxTermDllState@@YAXXZ 1002c846 f   nafxcw:dllmodul.obj
 0001:0002b85c       ??__E_init_CStringArray@@YAXXZ 1002c85c f   nafxcw:array_s.obj
 0001:0002b867       ??__E_simpleMemoryException@@YAXXZ 1002c867 f   nafxcw:except.obj
 0001:0002b873       ??__E_simpleNotSupportedException@@YAXXZ 1002c873 f   nafxcw:except.obj
 0001:0002b87f       ??__E_simpleInvalidArgException@@YAXXZ 1002c87f f   nafxcw:except.obj
 0001:0002b88b       ??__EafxStringManager@@YAXXZ 1002c88b f   nafxcw:strcore.obj
 0001:0002b895       ??__E_afxThreadState@@YAXXZ 1002c895 f   nafxcw:afxstate.obj
 0001:0002b8a1       ??__E_afxBaseModuleState@@YAXXZ 1002c8a1 f   nafxcw:afxstate.obj
 0001:0002b8ad       ??__EafxData@@YAXXZ        1002c8ad f   nafxcw:auxdata.obj
 0001:0002b8c3       ??__E_simpleResourceException@@YAXXZ 1002c8c3 f   nafxcw:wingdi.obj
 0001:0002b8fd       ??__E_simpleUserException@@YAXXZ 1002c8fd f   nafxcw:wingdi.obj
 0001:0002b937       ??__E_afxHtmlHelpState@@YAXXZ 1002c937 f   nafxcw:wincore.obj
 0001:0002b943       ??__E?m_nMsgDragList@CWnd@@1IB@@YAXXZ 1002c943 f   nafxcw:wincore.obj
 0001:0002b954       ??__E?wndTop@CWnd@@2V1@B@@YAXXZ 1002c954 f   nafxcw:wincore.obj
 0001:0002b9bc       ??__E?wndBottom@CWnd@@2V1@B@@YAXXZ 1002c9bc f   nafxcw:wincore.obj
 0001:0002ba29       ??__E?wndTopMost@CWnd@@2V1@B@@YAXXZ 1002ca29 f   nafxcw:wincore.obj
 0001:0002ba93       ??__E?wndNoTopMost@CWnd@@2V1@B@@YAXXZ 1002ca93 f   nafxcw:wincore.obj
 0001:0002bb00       ??__E_init_CByteArray@@YAXXZ 1002cb00 f   nafxcw:array_b.obj
 0001:0002bb0b       ??__E_afxDBCS@@YAXXZ       1002cb0b f   nafxcw:afxdbcs.obj
 0001:0002bb16       ??__E_init_CObArray@@YAXXZ 1002cb16 f   nafxcw:array_o.obj
 0001:0002bb21       ??__E_AtlBaseModule@ATL@@YAXXZ 1002cb21 f   atls:atlbase.obj
 0001:0002bb40       ??__FtheApp@@YAXXZ         1002cb40 f    CIL library: CIL module
 0001:0002bb50       ??__F?m_set_lua_path@CBaseLuaParse@@1V?$set@V?$basic_string@DU?$char_traits@D@std@@V?$allocator@D@2@@std@@U?$less@V?$basic_string@DU?$char_traits@D@std@@V?$allocator@D@2@@std@@@2@V?$allocator@V?$basic_string@DU?$char_traits@D@std@@V?$allocator@D@2@@std@@@2@@std@@A@@YAXXZ 1002cb50 f    CIL library: CIL module
 0001:0002bbb0       ??__F?m_set_c_path@CBaseLuaParse@@1V?$set@V?$basic_string@DU?$char_traits@D@std@@V?$allocator@D@2@@std@@U?$less@V?$basic_string@DU?$char_traits@D@std@@V?$allocator@D@2@@std@@@2@V?$allocator@V?$basic_string@DU?$char_traits@D@std@@V?$allocator@D@2@@std@@@2@@std@@A@@YAXXZ 1002cbb0 f    CIL library: CIL module
 0001:0002bc02       ??__F_simpleMemoryException@@YAXXZ 1002cc02 f   nafxcw:except.obj
 0001:0002bc0d       ??__F_simpleNotSupportedException@@YAXXZ 1002cc0d f   nafxcw:except.obj
 0001:0002bc18       ??__F_simpleInvalidArgException@@YAXXZ 1002cc18 f   nafxcw:except.obj
 0001:0002bc23       ??__F_afxThreadState@@YAXXZ 1002cc23 f   nafxcw:afxstate.obj
 0001:0002bc2d       ??__F_afxBaseModuleState@@YAXXZ 1002cc2d f   nafxcw:afxstate.obj
 0001:0002bc37       ??__FafxData@@YAXXZ        1002cc37 f   nafxcw:auxdata.obj
 0001:0002bc41       ??__F_simpleResourceException@@YAXXZ 1002cc41 f   nafxcw:wingdi.obj
 0001:0002bc4c       ??__F_simpleUserException@@YAXXZ 1002cc4c f   nafxcw:wingdi.obj
 0001:0002bc57       ??__F_afxHtmlHelpState@@YAXXZ 1002cc57 f   nafxcw:wincore.obj
 0001:0002bc61       ??__F?wndTop@CWnd@@2V1@B@@YAXXZ 1002cc61 f   nafxcw:wincore.obj
 0001:0002bc6b       ??__F?wndBottom@CWnd@@2V1@B@@YAXXZ 1002cc6b f   nafxcw:wincore.obj
 0001:0002bc75       ??__F?wndTopMost@CWnd@@2V1@B@@YAXXZ 1002cc75 f   nafxcw:wincore.obj
 0001:0002bc7f       ??__F?wndNoTopMost@CWnd@@2V1@B@@YAXXZ 1002cc7f f   nafxcw:wincore.obj
 0001:0002bc89       ??__F_AtlBaseModule@ATL@@YAXXZ 1002cc89 f   atls:atlbase.obj
